Archive member included to satisfy reference by file (symbol)

c:/program files (x86)/gnu tools arm embedded/5.3 2016q1/bin/../lib/gcc/arm-none-eabi/5.3.1/../../../../arm-none-eabi/lib/armv7e-m/fpu\libg.a(lib_a-memcpy.o)
                              ..\obj\queue.o (memcpy)
c:/program files (x86)/gnu tools arm embedded/5.3 2016q1/bin/../lib/gcc/arm-none-eabi/5.3.1/../../../../arm-none-eabi/lib/armv7e-m/fpu\libg.a(lib_a-memset.o)
                              ..\obj\tasks.o (memset)

Allocating common symbols
Common symbol       size              file

xQueueRegistry      0x40              ..\obj\queue.o
EX                  0x4               ..\obj\main.o

Discarded input sections

 .text          0x00000000        0x0 ..\obj\stm32f30x_rcc.o
 .data          0x00000000       0x2a ..\obj\stm32f30x_rcc.o
 .bss           0x00000000        0x0 ..\obj\stm32f30x_rcc.o
 .text.RCC_DeInit
                0x00000000       0x7c ..\obj\stm32f30x_rcc.o
 .text.RCC_HSEConfig
                0x00000000       0x28 ..\obj\stm32f30x_rcc.o
 .text.RCC_WaitForHSEStartUp
                0x00000000       0x50 ..\obj\stm32f30x_rcc.o
 .text.RCC_AdjustHSICalibrationValue
                0x00000000       0x3c ..\obj\stm32f30x_rcc.o
 .text.RCC_HSICmd
                0x00000000       0x20 ..\obj\stm32f30x_rcc.o
 .text.RCC_LSEConfig
                0x00000000       0x3c ..\obj\stm32f30x_rcc.o
 .text.RCC_LSEDriveConfig
                0x00000000       0x30 ..\obj\stm32f30x_rcc.o
 .text.RCC_LSICmd
                0x00000000       0x20 ..\obj\stm32f30x_rcc.o
 .text.RCC_PLLConfig
                0x00000000       0x38 ..\obj\stm32f30x_rcc.o
 .text.RCC_PLLCmd
                0x00000000       0x20 ..\obj\stm32f30x_rcc.o
 .text.RCC_PREDIV1Config
                0x00000000       0x38 ..\obj\stm32f30x_rcc.o
 .text.RCC_ClockSecuritySystemCmd
                0x00000000       0x20 ..\obj\stm32f30x_rcc.o
 .text.RCC_MCOConfig
                0x00000000       0x20 ..\obj\stm32f30x_rcc.o
 .text.RCC_SYSCLKConfig
                0x00000000       0x38 ..\obj\stm32f30x_rcc.o
 .text.RCC_GetSYSCLKSource
                0x00000000       0x20 ..\obj\stm32f30x_rcc.o
 .text.RCC_HCLKConfig
                0x00000000       0x38 ..\obj\stm32f30x_rcc.o
 .text.RCC_PCLK1Config
                0x00000000       0x38 ..\obj\stm32f30x_rcc.o
 .text.RCC_PCLK2Config
                0x00000000       0x3c ..\obj\stm32f30x_rcc.o
 .text.RCC_GetClocksFreq
                0x00000000      0x418 ..\obj\stm32f30x_rcc.o
 .text.RCC_ADCCLKConfig
                0x00000000       0x50 ..\obj\stm32f30x_rcc.o
 .text.RCC_I2CCLKConfig
                0x00000000       0x50 ..\obj\stm32f30x_rcc.o
 .text.RCC_TIMCLKConfig
                0x00000000       0x50 ..\obj\stm32f30x_rcc.o
 .text.RCC_USARTCLKConfig
                0x00000000       0x98 ..\obj\stm32f30x_rcc.o
 .text.RCC_USBCLKConfig
                0x00000000       0x20 ..\obj\stm32f30x_rcc.o
 .text.RCC_RTCCLKConfig
                0x00000000       0x24 ..\obj\stm32f30x_rcc.o
 .text.RCC_I2SCLKConfig
                0x00000000       0x20 ..\obj\stm32f30x_rcc.o
 .text.RCC_RTCCLKCmd
                0x00000000       0x20 ..\obj\stm32f30x_rcc.o
 .text.RCC_BackupResetCmd
                0x00000000       0x20 ..\obj\stm32f30x_rcc.o
 .text.RCC_APB1PeriphClockCmd
                0x00000000       0x40 ..\obj\stm32f30x_rcc.o
 .text.RCC_AHBPeriphResetCmd
                0x00000000       0x40 ..\obj\stm32f30x_rcc.o
 .text.RCC_APB2PeriphResetCmd
                0x00000000       0x40 ..\obj\stm32f30x_rcc.o
 .text.RCC_APB1PeriphResetCmd
                0x00000000       0x40 ..\obj\stm32f30x_rcc.o
 .text.RCC_ITConfig
                0x00000000       0x4c ..\obj\stm32f30x_rcc.o
 .text.RCC_GetFlagStatus
                0x00000000       0x84 ..\obj\stm32f30x_rcc.o
 .text.RCC_ClearFlag
                0x00000000       0x20 ..\obj\stm32f30x_rcc.o
 .text.RCC_GetITStatus
                0x00000000       0x38 ..\obj\stm32f30x_rcc.o
 .text.RCC_ClearITPendingBit
                0x00000000       0x20 ..\obj\stm32f30x_rcc.o
 .text          0x00000000        0x0 ..\obj\stm32f30x_gpio.o
 .data          0x00000000        0x0 ..\obj\stm32f30x_gpio.o
 .bss           0x00000000        0x0 ..\obj\stm32f30x_gpio.o
 .text.GPIO_DeInit
                0x00000000       0xd8 ..\obj\stm32f30x_gpio.o
 .text.GPIO_StructInit
                0x00000000       0x34 ..\obj\stm32f30x_gpio.o
 .text.GPIO_PinLockConfig
                0x00000000       0x44 ..\obj\stm32f30x_gpio.o
 .text.GPIO_ReadInputDataBit
                0x00000000       0x38 ..\obj\stm32f30x_gpio.o
 .text.GPIO_ReadInputData
                0x00000000       0x1c ..\obj\stm32f30x_gpio.o
 .text.GPIO_ReadOutputDataBit
                0x00000000       0x38 ..\obj\stm32f30x_gpio.o
 .text.GPIO_ReadOutputData
                0x00000000       0x1c ..\obj\stm32f30x_gpio.o
 .text.GPIO_SetBits
                0x00000000       0x20 ..\obj\stm32f30x_gpio.o
 .text.GPIO_ResetBits
                0x00000000       0x20 ..\obj\stm32f30x_gpio.o
 .text.GPIO_WriteBit
                0x00000000       0x30 ..\obj\stm32f30x_gpio.o
 .text.GPIO_Write
                0x00000000       0x20 ..\obj\stm32f30x_gpio.o
 .text.GPIO_PinAFConfig
                0x00000000       0x94 ..\obj\stm32f30x_gpio.o
 .text          0x00000000        0x0 ..\obj\main.o
 .data          0x00000000        0x0 ..\obj\main.o
 .bss           0x00000000        0x0 ..\obj\main.o
 .text          0x00000000        0x0 ..\obj\timers.o
 .data          0x00000000        0x0 ..\obj\timers.o
 .text.xTimerCreate
                0x00000000       0x44 ..\obj\timers.o
 .text.prvInitialiseNewTimer
                0x00000000       0x70 ..\obj\timers.o
 .text.xTimerGenericCommandFromTask
                0x00000000       0xa0 ..\obj\timers.o
 .text.xTimerGenericCommandFromISR
                0x00000000       0x80 ..\obj\timers.o
 .text.xTimerGetTimerDaemonTaskHandle
                0x00000000       0x38 ..\obj\timers.o
 .text.xTimerGetPeriod
                0x00000000       0x38 ..\obj\timers.o
 .text.vTimerSetReloadMode
                0x00000000       0x64 ..\obj\timers.o
 .text.xTimerGetReloadMode
                0x00000000       0x50 ..\obj\timers.o
 .text.uxTimerGetReloadMode
                0x00000000       0x1c ..\obj\timers.o
 .text.xTimerGetExpiryTime
                0x00000000       0x3c ..\obj\timers.o
 .text.pcTimerGetName
                0x00000000       0x38 ..\obj\timers.o
 .text.xTimerIsTimerActive
                0x00000000       0x50 ..\obj\timers.o
 .text.pvTimerGetTimerID
                0x00000000       0x40 ..\obj\timers.o
 .text.vTimerSetTimerID
                0x00000000       0x40 ..\obj\timers.o
 .text.uxTimerGetTimerNumber
                0x00000000       0x18 ..\obj\timers.o
 .text.vTimerSetTimerNumber
                0x00000000       0x1c ..\obj\timers.o
 .text.vTimerResetState
                0x00000000       0x24 ..\obj\timers.o
 .text          0x00000000        0x0 ..\obj\tasks.o
 .text.vTaskDelete
                0x00000000      0x140 ..\obj\tasks.o
 .text.xTaskDelayUntil
                0x00000000       0xf8 ..\obj\tasks.o
 .text.vTaskDelay
                0x00000000       0x68 ..\obj\tasks.o
 .text.eTaskGetState
                0x00000000      0x10c ..\obj\tasks.o
 .text.uxTaskPriorityGet
                0x00000000       0x34 ..\obj\tasks.o
 .text.uxTaskPriorityGetFromISR
                0x00000000       0x58 ..\obj\tasks.o
 .text.uxTaskBasePriorityGet
                0x00000000       0x34 ..\obj\tasks.o
 .text.uxTaskBasePriorityGetFromISR
                0x00000000       0x58 ..\obj\tasks.o
 .text.vTaskPrioritySet
                0x00000000      0x1b0 ..\obj\tasks.o
 .text.vTaskSuspend
                0x00000000      0x140 ..\obj\tasks.o
 .text.prvTaskIsTaskSuspended
                0x00000000       0x88 ..\obj\tasks.o
 .text.vTaskResume
                0x00000000      0x10c ..\obj\tasks.o
 .text.xTaskResumeFromISR
                0x00000000      0x13c ..\obj\tasks.o
 .text.vTaskEndScheduler
                0x00000000       0x64 ..\obj\tasks.o
 .text.xTaskGetTickCountFromISR
                0x00000000       0x24 ..\obj\tasks.o
 .text.pcTaskGetName
                0x00000000       0x48 ..\obj\tasks.o
 .text.uxTaskGetSystemState
                0x00000000      0x11c ..\obj\tasks.o
 .text.xTaskCatchUpTicks
                0x00000000       0x54 ..\obj\tasks.o
 .text.vTaskPlaceOnUnorderedEventList
                0x00000000       0xa8 ..\obj\tasks.o
 .text.vTaskRemoveFromUnorderedEventList
                0x00000000      0x180 ..\obj\tasks.o
 .text.vTaskSetTimeOutState
                0x00000000       0x4c ..\obj\tasks.o
 .text.uxTaskGetTaskNumber
                0x00000000       0x2c ..\obj\tasks.o
 .text.vTaskSetTaskNumber
                0x00000000       0x28 ..\obj\tasks.o
 .text.vTaskGetInfo
                0x00000000      0x110 ..\obj\tasks.o
 .text.prvListTasksWithinSingleList
                0x00000000       0x6c ..\obj\tasks.o
 .text.prvTaskCheckFreeStackSpace
                0x00000000       0x38 ..\obj\tasks.o
 .text.xTaskGetCurrentTaskHandle
                0x00000000       0x20 ..\obj\tasks.o
 .text.xTaskGetCurrentTaskHandleForCore
                0x00000000       0x30 ..\obj\tasks.o
 .text.uxTaskResetEventItemValue
                0x00000000       0x30 ..\obj\tasks.o
 .text.ulTaskGenericNotifyTake
                0x00000000       0xf0 ..\obj\tasks.o
 .text.xTaskGenericNotifyWait
                0x00000000      0x120 ..\obj\tasks.o
 .text.xTaskGenericNotify
                0x00000000      0x240 ..\obj\tasks.o
 .text.xTaskGenericNotifyFromISR
                0x00000000      0x2b0 ..\obj\tasks.o
 .text.vTaskGenericNotifyGiveFromISR
                0x00000000      0x208 ..\obj\tasks.o
 .text.xTaskGenericNotifyStateClear
                0x00000000       0x70 ..\obj\tasks.o
 .text.ulTaskGenericNotifyValueClear
                0x00000000       0x74 ..\obj\tasks.o
 .text.vTaskResetState
                0x00000000       0xa0 ..\obj\tasks.o
 .text          0x00000000        0x0 ..\obj\stm32f30x_exti.o
 .data          0x00000000        0x0 ..\obj\stm32f30x_exti.o
 .bss           0x00000000        0x0 ..\obj\stm32f30x_exti.o
 .text.EXTI_DeInit
                0x00000000       0x60 ..\obj\stm32f30x_exti.o
 .text.EXTI_StructInit
                0x00000000       0x2c ..\obj\stm32f30x_exti.o
 .text.EXTI_GenerateSWInterrupt
                0x00000000       0x40 ..\obj\stm32f30x_exti.o
 .text.EXTI_GetFlagStatus
                0x00000000       0x48 ..\obj\stm32f30x_exti.o
 .text.EXTI_GetITStatus
                0x00000000       0x70 ..\obj\stm32f30x_exti.o
 .text.EXTI_ClearITPendingBit
                0x00000000       0x34 ..\obj\stm32f30x_exti.o
 .text          0x00000000        0x0 ..\obj\system_stm32f30x_temp.o
 .bss           0x00000000        0x0 ..\obj\system_stm32f30x_temp.o
 .text.SystemCoreClockUpdate1
                0x00000000       0xd8 ..\obj\system_stm32f30x_temp.o
 .text          0x00000000        0x0 ..\obj\list.o
 .data          0x00000000        0x0 ..\obj\list.o
 .bss           0x00000000        0x0 ..\obj\list.o
 .text.vListInsertEnd
                0x00000000       0x48 ..\obj\list.o
 .text          0x00000000        0x0 ..\obj\stm32f30x_misc.o
 .data          0x00000000        0x0 ..\obj\stm32f30x_misc.o
 .bss           0x00000000        0x0 ..\obj\stm32f30x_misc.o
 .text.NVIC_SetVectorTable
                0x00000000       0x2c ..\obj\stm32f30x_misc.o
 .text.NVIC_SystemLPConfig
                0x00000000       0x44 ..\obj\stm32f30x_misc.o
 .text.SysTick_CLKSourceConfig
                0x00000000       0x38 ..\obj\stm32f30x_misc.o
 .text          0x00000000        0x0 ..\obj\port.o
 .rodata        0x00000000        0x4 ..\obj\port.o
 .text.vPortEndScheduler
                0x00000000       0x34 ..\obj\port.o
 .text          0x00000000        0x0 ..\obj\queue.o
 .data          0x00000000        0x0 ..\obj\queue.o
 .bss           0x00000000        0x0 ..\obj\queue.o
 .text.prvInitialiseMutex
                0x00000000       0x34 ..\obj\queue.o
 .text.xQueueCreateMutex
                0x00000000       0x30 ..\obj\queue.o
 .text.xQueueGiveMutexRecursive
                0x00000000       0x68 ..\obj\queue.o
 .text.xQueueTakeMutexRecursive
                0x00000000       0x6c ..\obj\queue.o
 .text.xQueueCreateCountingSemaphore
                0x00000000       0x5c ..\obj\queue.o
 .text.xQueueGenericSendFromISR
                0x00000000      0x15c ..\obj\queue.o
 .text.xQueuePeek
                0x00000000      0x1bc ..\obj\queue.o
 .text.xQueueReceiveFromISR
                0x00000000      0x128 ..\obj\queue.o
 .text.xQueuePeekFromISR
                0x00000000       0xcc ..\obj\queue.o
 .text.uxQueueMessagesWaiting
                0x00000000       0x3c ..\obj\queue.o
 .text.uxQueueSpacesAvailable
                0x00000000       0x44 ..\obj\queue.o
 .text.uxQueueMessagesWaitingFromISR
                0x00000000       0x3c ..\obj\queue.o
 .text.vQueueDelete
                0x00000000       0x3c ..\obj\queue.o
 .text.uxQueueGetQueueNumber
                0x00000000       0x18 ..\obj\queue.o
 .text.vQueueSetQueueNumber
                0x00000000       0x1c ..\obj\queue.o
 .text.ucQueueGetQueueType
                0x00000000       0x1c ..\obj\queue.o
 .text.uxQueueGetQueueItemSize
                0x00000000       0x18 ..\obj\queue.o
 .text.uxQueueGetQueueLength
                0x00000000       0x18 ..\obj\queue.o
 .text.xQueueIsQueueEmptyFromISR
                0x00000000       0x48 ..\obj\queue.o
 .text.xQueueIsQueueFullFromISR
                0x00000000       0x4c ..\obj\queue.o
 .text.pcQueueGetName
                0x00000000       0x68 ..\obj\queue.o
 .text.vQueueUnregisterQueue
                0x00000000       0x6c ..\obj\queue.o
 .text          0x00000000       0x14 ..\obj\startup_stm32f30x.o
 .data          0x00000000        0x0 ..\obj\startup_stm32f30x.o
 .bss           0x00000000        0x0 ..\obj\startup_stm32f30x.o
 .text          0x00000000        0x0 ..\obj\stream_buffer.o
 .data          0x00000000        0x0 ..\obj\stream_buffer.o
 .bss           0x00000000        0x0 ..\obj\stream_buffer.o
 .text.xStreamBufferGenericCreate
                0x00000000       0xf4 ..\obj\stream_buffer.o
 .text.vStreamBufferDelete
                0x00000000       0x4c ..\obj\stream_buffer.o
 .text.xStreamBufferReset
                0x00000000       0x88 ..\obj\stream_buffer.o
 .text.xStreamBufferResetFromISR
                0x00000000       0xa8 ..\obj\stream_buffer.o
 .text.xStreamBufferSetTriggerLevel
                0x00000000       0x5c ..\obj\stream_buffer.o
 .text.xStreamBufferSpacesAvailable
                0x00000000       0x74 ..\obj\stream_buffer.o
 .text.xStreamBufferBytesAvailable
                0x00000000       0x38 ..\obj\stream_buffer.o
 .text.xStreamBufferSend
                0x00000000      0x19c ..\obj\stream_buffer.o
 .text.xStreamBufferSendFromISR
                0x00000000       0xe4 ..\obj\stream_buffer.o
 .text.prvWriteMessageToBuffer
                0x00000000       0x90 ..\obj\stream_buffer.o
 .text.xStreamBufferReceive
                0x00000000      0x148 ..\obj\stream_buffer.o
 .text.xStreamBufferNextMessageLengthBytes
                0x00000000       0x84 ..\obj\stream_buffer.o
 .text.xStreamBufferReceiveFromISR
                0x00000000       0xdc ..\obj\stream_buffer.o
 .text.prvReadMessageFromBuffer
                0x00000000       0x7c ..\obj\stream_buffer.o
 .text.xStreamBufferIsEmpty
                0x00000000       0x50 ..\obj\stream_buffer.o
 .text.xStreamBufferIsFull
                0x00000000       0x60 ..\obj\stream_buffer.o
 .text.xStreamBufferSendCompletedFromISR
                0x00000000       0x88 ..\obj\stream_buffer.o
 .text.xStreamBufferReceiveCompletedFromISR
                0x00000000       0x88 ..\obj\stream_buffer.o
 .text.prvWriteBytesToBuffer
                0x00000000       0xd4 ..\obj\stream_buffer.o
 .text.prvReadBytesFromBuffer
                0x00000000       0xd0 ..\obj\stream_buffer.o
 .text.prvBytesInBuffer
                0x00000000       0x40 ..\obj\stream_buffer.o
 .text.prvInitialiseNewStreamBuffer
                0x00000000       0x68 ..\obj\stream_buffer.o
 .text.uxStreamBufferGetStreamBufferNotificationIndex
                0x00000000       0x38 ..\obj\stream_buffer.o
 .text.vStreamBufferSetStreamBufferNotificationIndex
                0x00000000       0x8c ..\obj\stream_buffer.o
 .text.uxStreamBufferGetStreamBufferNumber
                0x00000000       0x18 ..\obj\stream_buffer.o
 .text.vStreamBufferSetStreamBufferNumber
                0x00000000       0x1c ..\obj\stream_buffer.o
 .text.ucStreamBufferGetStreamBufferType
                0x00000000       0x20 ..\obj\stream_buffer.o
 .debug_info    0x00000000     0x14de ..\obj\stream_buffer.o
 .debug_abbrev  0x00000000      0x207 ..\obj\stream_buffer.o
 .debug_aranges
                0x00000000       0xf0 ..\obj\stream_buffer.o
 .debug_ranges  0x00000000       0xe0 ..\obj\stream_buffer.o
 .debug_line    0x00000000      0x94a ..\obj\stream_buffer.o
 .debug_str     0x00000000      0x8e6 ..\obj\stream_buffer.o
 .comment       0x00000000       0x6f ..\obj\stream_buffer.o
 .debug_frame   0x00000000      0x41c ..\obj\stream_buffer.o
 .ARM.attributes
                0x00000000       0x39 ..\obj\stream_buffer.o
 .text          0x00000000        0x0 ..\obj\croutine.o
 .data          0x00000000        0x0 ..\obj\croutine.o
 .bss           0x00000000        0x0 ..\obj\croutine.o
 .debug_info    0x00000000       0x9c ..\obj\croutine.o
 .debug_abbrev  0x00000000       0x49 ..\obj\croutine.o
 .debug_aranges
                0x00000000       0x18 ..\obj\croutine.o
 .debug_line    0x00000000      0x11e ..\obj\croutine.o
 .debug_str     0x00000000      0x199 ..\obj\croutine.o
 .comment       0x00000000       0x6f ..\obj\croutine.o
 .ARM.attributes
                0x00000000       0x39 ..\obj\croutine.o
 .text          0x00000000        0x0 ..\obj\stm32f30x_syscfg.o
 .data          0x00000000        0x0 ..\obj\stm32f30x_syscfg.o
 .bss           0x00000000        0x0 ..\obj\stm32f30x_syscfg.o
 .text.SYSCFG_DeInit
                0x00000000       0x50 ..\obj\stm32f30x_syscfg.o
 .text.SYSCFG_MemoryRemapConfig
                0x00000000       0x38 ..\obj\stm32f30x_syscfg.o
 .text.SYSCFG_DMAChannelRemapConfig
                0x00000000       0x40 ..\obj\stm32f30x_syscfg.o
 .text.SYSCFG_TriggerRemapConfig
                0x00000000       0x40 ..\obj\stm32f30x_syscfg.o
 .text.SYSCFG_EncoderRemapConfig
                0x00000000       0x30 ..\obj\stm32f30x_syscfg.o
 .text.SYSCFG_USBInterruptLineRemapCmd
                0x00000000       0x20 ..\obj\stm32f30x_syscfg.o
 .text.SYSCFG_I2CFastModePlusConfig
                0x00000000       0x40 ..\obj\stm32f30x_syscfg.o
 .text.SYSCFG_ITConfig
                0x00000000       0x40 ..\obj\stm32f30x_syscfg.o
 .text.SYSCFG_BreakConfig
                0x00000000       0x24 ..\obj\stm32f30x_syscfg.o
 .text.SYSCFG_BypassParityCheckDisable
                0x00000000       0x18 ..\obj\stm32f30x_syscfg.o
 .text.SYSCFG_SRAMWRPEnable
                0x00000000       0x24 ..\obj\stm32f30x_syscfg.o
 .text.SYSCFG_GetFlagStatus
                0x00000000       0x34 ..\obj\stm32f30x_syscfg.o
 .text.SYSCFG_ClearFlag
                0x00000000       0x24 ..\obj\stm32f30x_syscfg.o
 .text          0x00000000        0x0 ..\obj\event_groups.o
 .data          0x00000000        0x0 ..\obj\event_groups.o
 .bss           0x00000000        0x0 ..\obj\event_groups.o
 .text.xEventGroupCreate
                0x00000000       0x30 ..\obj\event_groups.o
 .text.xEventGroupSync
                0x00000000      0x158 ..\obj\event_groups.o
 .text.xEventGroupWaitBits
                0x00000000      0x194 ..\obj\event_groups.o
 .text.xEventGroupClearBits
                0x00000000       0x6c ..\obj\event_groups.o
 .text.xEventGroupGetBitsFromISR
                0x00000000       0x48 ..\obj\event_groups.o
 .text.xEventGroupSetBits
                0x00000000      0x114 ..\obj\event_groups.o
 .text.vEventGroupDelete
                0x00000000       0x7c ..\obj\event_groups.o
 .text.vEventGroupSetBitsCallback
                0x00000000       0x1c ..\obj\event_groups.o
 .text.vEventGroupClearBitsCallback
                0x00000000       0x1c ..\obj\event_groups.o
 .text.prvTestWaitCondition
                0x00000000       0x44 ..\obj\event_groups.o
 .text.uxEventGroupGetNumber
                0x00000000       0x2c ..\obj\event_groups.o
 .text.vEventGroupSetNumber
                0x00000000       0x1c ..\obj\event_groups.o
 .debug_info    0x00000000      0x95b ..\obj\event_groups.o
 .debug_abbrev  0x00000000      0x1f9 ..\obj\event_groups.o
 .debug_aranges
                0x00000000       0x78 ..\obj\event_groups.o
 .debug_ranges  0x00000000       0x68 ..\obj\event_groups.o
 .debug_line    0x00000000      0x4ab ..\obj\event_groups.o
 .debug_str     0x00000000      0x5ac ..\obj\event_groups.o
 .comment       0x00000000       0x6f ..\obj\event_groups.o
 .debug_frame   0x00000000      0x1d0 ..\obj\event_groups.o
 .ARM.attributes
                0x00000000       0x39 ..\obj\event_groups.o
 .text          0x00000000        0x0 ..\obj\heap_2.o
 .rodata        0x00000000        0x4 ..\obj\heap_2.o
 .text.xPortGetFreeHeapSize
                0x00000000       0x18 ..\obj\heap_2.o
 .text.vPortInitialiseBlocks
                0x00000000       0x10 ..\obj\heap_2.o
 .text.pvPortCalloc
                0x00000000       0x60 ..\obj\heap_2.o
 .text.vPortHeapResetState
                0x00000000       0x24 ..\obj\heap_2.o
 .data          0x00000000        0x0 c:/program files (x86)/gnu tools arm embedded/5.3 2016q1/bin/../lib/gcc/arm-none-eabi/5.3.1/../../../../arm-none-eabi/lib/armv7e-m/fpu\libg.a(lib_a-memcpy.o)
 .bss           0x00000000        0x0 c:/program files (x86)/gnu tools arm embedded/5.3 2016q1/bin/../lib/gcc/arm-none-eabi/5.3.1/../../../../arm-none-eabi/lib/armv7e-m/fpu\libg.a(lib_a-memcpy.o)
 .text          0x00000000        0x0 c:/program files (x86)/gnu tools arm embedded/5.3 2016q1/bin/../lib/gcc/arm-none-eabi/5.3.1/../../../../arm-none-eabi/lib/armv7e-m/fpu\libg.a(lib_a-memset.o)
 .data          0x00000000        0x0 c:/program files (x86)/gnu tools arm embedded/5.3 2016q1/bin/../lib/gcc/arm-none-eabi/5.3.1/../../../../arm-none-eabi/lib/armv7e-m/fpu\libg.a(lib_a-memset.o)
 .bss           0x00000000        0x0 c:/program files (x86)/gnu tools arm embedded/5.3 2016q1/bin/../lib/gcc/arm-none-eabi/5.3.1/../../../../arm-none-eabi/lib/armv7e-m/fpu\libg.a(lib_a-memset.o)

Memory Configuration

Name             Origin             Length             Attributes
rom              0x08000000         0x00040000         xr
ram              0x20000000         0x0000a000         xrw
ram1             0x10000000         0x00002000         xrw
*default*        0x00000000         0xffffffff

Linker script and memory map

                0x2000a000                _eram = 0x2000a000

.text           0x08000000     0x3a65
 *(.isr_vector)
 .isr_vector    0x08000000      0x188 ..\obj\startup_stm32f30x.o
                0x08000000                g_pfnVectors
 *(.text*)
 .text.RCC_AHBPeriphClockCmd
                0x08000188       0x40 ..\obj\stm32f30x_rcc.o
                0x08000188                RCC_AHBPeriphClockCmd
 .text.RCC_APB2PeriphClockCmd
                0x080001c8       0x40 ..\obj\stm32f30x_rcc.o
                0x080001c8                RCC_APB2PeriphClockCmd
 .text.GPIO_Init
                0x08000208      0x130 ..\obj\stm32f30x_gpio.o
                0x08000208                GPIO_Init
 .text.Port_Init
                0x08000338       0x60 ..\obj\main.o
                0x08000338                Port_Init
 .text.ext      0x08000398       0x58 ..\obj\main.o
                0x08000398                ext
 .text.Task_LED_SWITCH
                0x080003f0       0x30 ..\obj\main.o
                0x080003f0                Task_LED_SWITCH
 .text.EXTI0_IRQHandler
                0x08000420       0x4c ..\obj\main.o
                0x08000420                EXTI0_IRQHandler
 .text.main     0x0800046c       0x68 ..\obj\main.o
                0x0800046c                main
 .text.vApplicationIdleHook
                0x080004d4       0x10 ..\obj\main.o
                0x080004d4                vApplicationIdleHook
 .text.vApplicationMallocFailedHook
                0x080004e4        0x8 ..\obj\main.o
                0x080004e4                vApplicationMallocFailedHook
 .text.vApplicationStackOverflowHook
                0x080004ec        0xc ..\obj\main.o
                0x080004ec                vApplicationStackOverflowHook
 .text.vApplicationTickHook
                0x080004f8       0x10 ..\obj\main.o
                0x080004f8                vApplicationTickHook
 .text.xTimerCreateTimerTask
                0x08000508       0x64 ..\obj\timers.o
                0x08000508                xTimerCreateTimerTask
 .text.prvReloadTimer
                0x0800056c       0x40 ..\obj\timers.o
 .text.prvProcessExpiredTimer
                0x080005ac       0x60 ..\obj\timers.o
 .text.prvTimerTask
                0x0800060c       0x24 ..\obj\timers.o
 .text.prvProcessTimerOrBlockTask
                0x08000630       0x9c ..\obj\timers.o
 .text.prvGetNextExpireTime
                0x080006cc       0x48 ..\obj\timers.o
 .text.prvSampleTimeNow
                0x08000714       0x40 ..\obj\timers.o
 .text.prvInsertTimerInActiveList
                0x08000754       0x84 ..\obj\timers.o
 .text.prvProcessReceivedCommands
                0x080007d8      0x184 ..\obj\timers.o
 .text.prvSwitchTimerLists
                0x0800095c       0x4c ..\obj\timers.o
 .text.prvCheckForValidListAndQueue
                0x080009a8       0x6c ..\obj\timers.o
 .text.prvCreateTask
                0x08000a14       0x78 ..\obj\tasks.o
 .text.xTaskCreate
                0x08000a8c       0x48 ..\obj\tasks.o
                0x08000a8c                xTaskCreate
 .text.prvInitialiseNewTask
                0x08000ad4      0x118 ..\obj\tasks.o
 .text.prvAddNewTaskToReadyList
                0x08000bec      0x130 ..\obj\tasks.o
 .text.prvCreateIdleTasks
                0x08000d1c       0x98 ..\obj\tasks.o
 .text.vTaskStartScheduler
                0x08000db4       0x84 ..\obj\tasks.o
                0x08000db4                vTaskStartScheduler
 .text.vTaskSuspendAll
                0x08000e38       0x1c ..\obj\tasks.o
                0x08000e38                vTaskSuspendAll
 .text.xTaskResumeAll
                0x08000e54      0x20c ..\obj\tasks.o
                0x08000e54                xTaskResumeAll
 .text.xTaskGetTickCount
                0x08001060       0x20 ..\obj\tasks.o
                0x08001060                xTaskGetTickCount
 .text.uxTaskGetNumberOfTasks
                0x08001080       0x18 ..\obj\tasks.o
                0x08001080                uxTaskGetNumberOfTasks
 .text.xTaskIncrementTick
                0x08001098      0x240 ..\obj\tasks.o
                0x08001098                xTaskIncrementTick
 .text.vTaskSwitchContext
                0x080012d8      0x104 ..\obj\tasks.o
                0x080012d8                vTaskSwitchContext
 .text.vTaskPlaceOnEventList
                0x080013dc       0x48 ..\obj\tasks.o
                0x080013dc                vTaskPlaceOnEventList
 .text.vTaskPlaceOnEventListRestricted
                0x08001424       0x88 ..\obj\tasks.o
                0x08001424                vTaskPlaceOnEventListRestricted
 .text.xTaskRemoveFromEventList
                0x080014ac      0x1b0 ..\obj\tasks.o
                0x080014ac                xTaskRemoveFromEventList
 .text.vTaskInternalSetTimeOutState
                0x0800165c       0x2c ..\obj\tasks.o
                0x0800165c                vTaskInternalSetTimeOutState
 .text.xTaskCheckForTimeOut
                0x08001688       0xc8 ..\obj\tasks.o
                0x08001688                xTaskCheckForTimeOut
 .text.vTaskMissedYield
                0x08001750       0x18 ..\obj\tasks.o
                0x08001750                vTaskMissedYield
 .text.prvIdleTask
                0x08001768       0x34 ..\obj\tasks.o
 .text.prvInitialiseTaskLists
                0x0800179c       0x80 ..\obj\tasks.o
 .text.prvCheckTasksWaitingTermination
                0x0800181c       0x58 ..\obj\tasks.o
 .text.prvDeleteTCB
                0x08001874       0x20 ..\obj\tasks.o
 .text.prvResetNextTaskUnblockTime
                0x08001894       0x38 ..\obj\tasks.o
 .text.xTaskGetSchedulerState
                0x080018cc       0x3c ..\obj\tasks.o
                0x080018cc                xTaskGetSchedulerState
 .text.xTaskPriorityInherit
                0x08001908      0x140 ..\obj\tasks.o
                0x08001908                xTaskPriorityInherit
 .text.xTaskPriorityDisinherit
                0x08001a48      0x148 ..\obj\tasks.o
                0x08001a48                xTaskPriorityDisinherit
 .text.vTaskPriorityDisinheritAfterTimeout
                0x08001b90      0x170 ..\obj\tasks.o
                0x08001b90                vTaskPriorityDisinheritAfterTimeout
 .text.pvTaskIncrementMutexHeldCount
                0x08001d00       0x30 ..\obj\tasks.o
                0x08001d00                pvTaskIncrementMutexHeldCount
 .text.prvAddCurrentTaskToDelayedList
                0x08001d30      0x104 ..\obj\tasks.o
 .text.EXTI_Init
                0x08001e34      0x1f8 ..\obj\stm32f30x_exti.o
                0x08001e34                EXTI_Init
 .text.EXTI_ClearFlag
                0x0800202c       0x34 ..\obj\stm32f30x_exti.o
                0x0800202c                EXTI_ClearFlag
 .text.SystemInit1
                0x08002060       0x94 ..\obj\system_stm32f30x_temp.o
                0x08002060                SystemInit
                0x08002060                SystemInit1
 .text.SetSysClock1
                0x080020f4       0xe4 ..\obj\system_stm32f30x_temp.o
                0x080020f4                SetSysClock
 .text.vListInitialise
                0x080021d8       0x40 ..\obj\list.o
                0x080021d8                vListInitialise
 .text.vListInitialiseItem
                0x08002218       0x1c ..\obj\list.o
                0x08002218                vListInitialiseItem
 .text.vListInsert
                0x08002234       0x74 ..\obj\list.o
                0x08002234                vListInsert
 .text.uxListRemove
                0x080022a8       0x54 ..\obj\list.o
                0x080022a8                uxListRemove
 .text.NVIC_PriorityGroupConfig
                0x080022fc       0x28 ..\obj\stm32f30x_misc.o
                0x080022fc                NVIC_PriorityGroupConfig
 .text.NVIC_Init
                0x08002324       0xc8 ..\obj\stm32f30x_misc.o
                0x08002324                NVIC_Init
 .text.pxPortInitialiseStack
                0x080023ec       0x68 ..\obj\port.o
                0x080023ec                pxPortInitialiseStack
 .text.prvTaskExitError
                0x08002454       0x54 ..\obj\port.o
 *fill*         0x080024a8        0x8 
 .text.SVC_Handler
                0x080024b0       0x28 ..\obj\port.o
                0x080024b0                SVC_Handler
 .text.prvPortStartFirstTask
                0x080024d8       0x2c ..\obj\port.o
 .text.xPortStartScheduler
                0x08002504      0x1c4 ..\obj\port.o
                0x08002504                xPortStartScheduler
 .text.vPortEnterCritical
                0x080026c8       0x5c ..\obj\port.o
                0x080026c8                vPortEnterCritical
 .text.vPortExitCritical
                0x08002724       0x50 ..\obj\port.o
                0x08002724                vPortExitCritical
 *fill*         0x08002774        0xc 
 .text.PendSV_Handler
                0x08002780       0x68 ..\obj\port.o
                0x08002780                PendSV_Handler
 .text.SysTick_Handler
                0x080027e8       0x40 ..\obj\port.o
                0x080027e8                SysTick_Handler
 .text.vPortSetupTimerInterrupt
                0x08002828       0x48 ..\obj\port.o
                0x08002828                vPortSetupTimerInterrupt
 .text.vPortEnableVFP
                0x08002870       0x18 ..\obj\port.o
 .text.vPortValidateInterruptPriority
                0x08002888       0x7c ..\obj\port.o
                0x08002888                vPortValidateInterruptPriority
 .text.xQueueGenericReset
                0x08002904      0x114 ..\obj\queue.o
                0x08002904                xQueueGenericReset
 .text.xQueueGenericCreate
                0x08002a18       0x94 ..\obj\queue.o
                0x08002a18                xQueueGenericCreate
 .text.prvInitialiseNewQueue
                0x08002aac       0x48 ..\obj\queue.o
 .text.xQueueGenericSend
                0x08002af4      0x1f4 ..\obj\queue.o
                0x08002af4                xQueueGenericSend
 .text.xQueueGiveFromISR
                0x08002ce8      0x140 ..\obj\queue.o
                0x08002ce8                xQueueGiveFromISR
 .text.xQueueReceive
                0x08002e28      0x1b8 ..\obj\queue.o
                0x08002e28                xQueueReceive
 .text.xQueueSemaphoreTake
                0x08002fe0      0x1f4 ..\obj\queue.o
                0x08002fe0                xQueueSemaphoreTake
 .text.prvGetDisinheritPriorityAfterTimeout
                0x080031d4       0x30 ..\obj\queue.o
 .text.prvCopyDataToQueue
                0x08003204       0xd4 ..\obj\queue.o
 .text.prvCopyDataFromQueue
                0x080032d8       0x4c ..\obj\queue.o
 .text.prvUnlockQueue
                0x08003324       0xa4 ..\obj\queue.o
 .text.prvIsQueueEmpty
                0x080033c8       0x2c ..\obj\queue.o
 .text.prvIsQueueFull
                0x080033f4       0x30 ..\obj\queue.o
 .text.vQueueAddToRegistry
                0x08003424       0x9c ..\obj\queue.o
                0x08003424                vQueueAddToRegistry
 .text.vQueueWaitForMessageRestricted
                0x080034c0       0x68 ..\obj\queue.o
                0x080034c0                vQueueWaitForMessageRestricted
 .text.Reset_Handler
                0x08003528       0x44 ..\obj\startup_stm32f30x.o
                0x08003528                Reset_Handler
 .text.Default_Handler
                0x0800356c        0x2 ..\obj\startup_stm32f30x.o
                0x0800356c                RTC_Alarm_IRQHandler
                0x0800356c                TIM8_TRG_COM_IRQHandler
                0x0800356c                TIM8_CC_IRQHandler
                0x0800356c                DebugMon_Handler
                0x0800356c                TIM1_CC_IRQHandler
                0x0800356c                HardFault_Handler
                0x0800356c                USB_HP_IRQHandler
                0x0800356c                PVD_IRQHandler
                0x0800356c                NMI_Handler
                0x0800356c                EXTI3_IRQHandler
                0x0800356c                I2C2_EV_IRQHandler
                0x0800356c                FPU_IRQHandler
                0x0800356c                EXTI2_TS_IRQHandler
                0x0800356c                TIM1_UP_TIM16_IRQHandler
                0x0800356c                UsageFault_Handler
                0x0800356c                ADC1_2_IRQHandler
                0x0800356c                SPI1_IRQHandler
                0x0800356c                TIM6_DAC_IRQHandler
                0x0800356c                TIM8_UP_IRQHandler
                0x0800356c                DMA2_Channel2_IRQHandler
                0x0800356c                DMA1_Channel4_IRQHandler
                0x0800356c                USART3_IRQHandler
                0x0800356c                DMA1_Channel7_IRQHandler
                0x0800356c                CAN1_RX1_IRQHandler
                0x0800356c                UART5_IRQHandler
                0x0800356c                ADC3_IRQHandler
                0x0800356c                TIM4_IRQHandler
                0x0800356c                DMA2_Channel1_IRQHandler
                0x0800356c                I2C1_EV_IRQHandler
                0x0800356c                DMA1_Channel6_IRQHandler
                0x0800356c                UART4_IRQHandler
                0x0800356c                DMA2_Channel4_IRQHandler
                0x0800356c                TIM3_IRQHandler
                0x0800356c                RCC_IRQHandler
                0x0800356c                DMA1_Channel1_IRQHandler
                0x0800356c                Default_Handler
                0x0800356c                USBWakeUp_RMP_IRQHandler
                0x0800356c                EXTI15_10_IRQHandler
                0x0800356c                TIM7_IRQHandler
                0x0800356c                EXTI9_5_IRQHandler
                0x0800356c                TAMPER_STAMP_IRQHandler
                0x0800356c                RTC_WKUP_IRQHandler
                0x0800356c                SPI2_IRQHandler
                0x0800356c                MemManage_Handler
                0x0800356c                DMA2_Channel5_IRQHandler
                0x0800356c                DMA1_Channel5_IRQHandler
                0x0800356c                USB_LP_IRQHandler
                0x0800356c                EXTI4_IRQHandler
                0x0800356c                USB_LP_CAN1_RX0_IRQHandler
                0x0800356c                TIM1_TRG_COM_TIM17_IRQHandler
                0x0800356c                USB_HP_CAN1_TX_IRQHandler
                0x0800356c                DMA1_Channel3_IRQHandler
                0x0800356c                ADC4_IRQHandler
                0x0800356c                WWDG_IRQHandler
                0x0800356c                TIM2_IRQHandler
                0x0800356c                COMP7_IRQHandler
                0x0800356c                COMP1_2_3_IRQHandler
                0x0800356c                EXTI1_IRQHandler
                0x0800356c                USART2_IRQHandler
                0x0800356c                COMP4_5_6_IRQHandler
                0x0800356c                I2C2_ER_IRQHandler
                0x0800356c                DMA1_Channel2_IRQHandler
                0x0800356c                TIM8_BRK_IRQHandler
                0x0800356c                CAN1_SCE_IRQHandler
                0x0800356c                FLASH_IRQHandler
                0x0800356c                BusFault_Handler
                0x0800356c                USART1_IRQHandler
                0x0800356c                SPI3_IRQHandler
                0x0800356c                I2C1_ER_IRQHandler
                0x0800356c                USBWakeUp_IRQHandler
                0x0800356c                DMA2_Channel3_IRQHandler
                0x0800356c                TIM1_BRK_TIM15_IRQHandler
 *fill*         0x0800356e        0x2 
 .text.SYSCFG_EXTILineConfig
                0x08003570       0x84 ..\obj\stm32f30x_syscfg.o
                0x08003570                SYSCFG_EXTILineConfig
 .text.pvPortMalloc
                0x080035f4      0x164 ..\obj\heap_2.o
                0x080035f4                pvPortMalloc
 .text.vPortFree
                0x08003758       0xc8 ..\obj\heap_2.o
                0x08003758                vPortFree
 .text.prvHeapInit
                0x08003820       0x54 ..\obj\heap_2.o
 .text          0x08003874      0x134 c:/program files (x86)/gnu tools arm embedded/5.3 2016q1/bin/../lib/gcc/arm-none-eabi/5.3.1/../../../../arm-none-eabi/lib/armv7e-m/fpu\libg.a(lib_a-memcpy.o)
                0x08003874                memcpy
 .text.memset   0x080039a8       0x9c c:/program files (x86)/gnu tools arm embedded/5.3 2016q1/bin/../lib/gcc/arm-none-eabi/5.3.1/../../../../arm-none-eabi/lib/armv7e-m/fpu\libg.a(lib_a-memset.o)
                0x080039a8                memset
 *(.init)
 *(.fini)
 *crtbegin.o(.ctors)
 *crtbegin?.o(.ctors)
 *(EXCLUDE_FILE(*crtend.o *crtend?.o) .ctors)
 *(SORT(.ctors.*))
 *(.ctors)
 *crtbegin.o(.dtors)
 *crtbegin?.o(.dtors)
 *(EXCLUDE_FILE(*crtend.o *crtend?.o) .dtors)
 *(SORT(.dtors.*))
 *(.dtors)
 *(.rodata*)
 .rodata        0x08003a44        0xb ..\obj\main.o
 *fill*         0x08003a4f        0x1 
 .rodata        0x08003a50        0xd ..\obj\timers.o
 *fill*         0x08003a5d        0x3 
 .rodata        0x08003a60        0x5 ..\obj\tasks.o
 *(.eh_fram e*)

.glue_7         0x08003a68        0x0
 .glue_7        0x08003a68        0x0 linker stubs

.glue_7t        0x08003a68        0x0
 .glue_7t       0x08003a68        0x0 linker stubs

.vfp11_veneer   0x08003a68        0x0
 .vfp11_veneer  0x08003a68        0x0 linker stubs

.v4_bx          0x08003a68        0x0
 .v4_bx         0x08003a68        0x0 linker stubs

.iplt           0x08003a68        0x0
 .iplt          0x08003a68        0x0 ..\obj\stm32f30x_rcc.o

.rel.dyn        0x08003a68        0x0
 .rel.iplt      0x08003a68        0x0 ..\obj\stm32f30x_rcc.o

.ARM.extab
 *(.ARM.extab* .gnu.linkonce.armextab.*)
                0x08003a68                __exidx_start = .

.ARM.exidx
 *(.ARM.exidx* .gnu.linkonce.armexidx.*)
                0x08003a68                __exidx_end = .
                0x08003a68                __etext = .
                0x08003a65                _sidata = __etext

.data           0x20000000       0x20 load address 0x08003a65
                0x20000000                __data_start__ = .
                0x20000000                _sdata = __data_start__
 *(vtable)
 *(.data*)
 .data          0x20000000        0x4 ..\obj\tasks.o
 .data          0x20000004       0x14 ..\obj\system_stm32f30x_temp.o
                0x20000004                SystemCoreClock
                0x20000008                AHBPrescTable
 .data          0x20000018        0x4 ..\obj\port.o
 .data          0x2000001c        0x4 ..\obj\heap_2.o
                0x20000020                . = ALIGN (0x4)
                [!provide]                PROVIDE (__preinit_array_start, .)
 *(.preinit_array)
                [!provide]                PROVIDE (__preinit_array_end, .)
                0x20000020                . = ALIGN (0x4)
                [!provide]                PROVIDE (__init_array_start, .)
 *(SORT(.init_array.*))
 *(.init_array)
                [!provide]                PROVIDE (__init_array_end, .)
                0x20000020                . = ALIGN (0x4)
                [!provide]                PROVIDE (__fini_array_start, .)
 *(SORT(.fini_array.*))
 *(.fini_array)
                [!provide]                PROVIDE (__fini_array_end, .)
 *(.jcr*)
                0x20000020                . = ALIGN (0x4)
                0x20000020                __data_end__ = .
                0x20000020                _edata = __data_end__

.igot.plt       0x20000020        0x0 load address 0x08003a88
 .igot.plt      0x20000020        0x0 ..\obj\stm32f30x_rcc.o

.bss            0x20000020     0x3da0 load address 0x08003a88
                0x20000020                . = ALIGN (0x4)
                0x20000020                __bss_start__ = .
                0x20000020                _sbss = __bss_start__
 *(.bss*)
 .bss           0x20000020       0x3c ..\obj\timers.o
 .bss           0x2000005c      0x104 ..\obj\tasks.o
                0x2000005c                pxCurrentTCB
 .bss           0x20000160        0x8 ..\obj\port.o
 .bss           0x20000168     0x3c14 ..\obj\heap_2.o
 *(COMMON)
 COMMON         0x20003d7c        0x4 ..\obj\main.o
                0x20003d7c                EX
 COMMON         0x20003d80       0x40 ..\obj\queue.o
                0x20003d80                xQueueRegistry
                0x20003dc0                . = ALIGN (0x4)
                0x20003dc0                __bss_end__ = .
                0x20003dc0                _ebss = __bss_end__

.heap           0x20003dc0        0x0
                0x20003dc0                __end__ = .
                0x20003dc0                _end = __end__
                0x20003dc0                end = __end__
 *(.heap*)
                0x20003dc0                __HeapLimit = .

.co_stack       0x20003dc0        0x0
                0x20003dc0                . = ALIGN (0x8)
 *(.co_stack .co_stack.*)
                0x2000a000                __StackTop = (ORIGIN (ram) + LENGTH (ram))
                0x2000a000                __StackLimit = (__StackTop - SIZEOF (.co_stack))
                [!provide]                PROVIDE (__stack, __StackTop)
                0x00000001                ASSERT ((__StackLimit >= __HeapLimit), region ram  overflowed with stack)
LOAD ..\obj\stm32f30x_rcc.o
LOAD ..\obj\stm32f30x_gpio.o
LOAD ..\obj\main.o
LOAD ..\obj\timers.o
LOAD ..\obj\tasks.o
LOAD ..\obj\stm32f30x_exti.o
LOAD ..\obj\system_stm32f30x_temp.o
LOAD ..\obj\list.o
LOAD ..\obj\stm32f30x_misc.o
LOAD ..\obj\port.o
LOAD ..\obj\queue.o
LOAD ..\obj\startup_stm32f30x.o
LOAD ..\obj\stream_buffer.o
LOAD ..\obj\croutine.o
LOAD ..\obj\stm32f30x_syscfg.o
LOAD ..\obj\event_groups.o
LOAD ..\obj\heap_2.o
START GROUP
LOAD c:/program files (x86)/gnu tools arm embedded/5.3 2016q1/bin/../lib/gcc/arm-none-eabi/5.3.1/armv7e-m/fpu\libgcc.a
LOAD c:/program files (x86)/gnu tools arm embedded/5.3 2016q1/bin/../lib/gcc/arm-none-eabi/5.3.1/../../../../arm-none-eabi/lib/armv7e-m/fpu\libg.a
LOAD c:/program files (x86)/gnu tools arm embedded/5.3 2016q1/bin/../lib/gcc/arm-none-eabi/5.3.1/../../../../arm-none-eabi/lib/armv7e-m/fpu\libc.a
END GROUP
OUTPUT(FreeRTOS_semaphores.elf elf32-littlearm)

.debug_info     0x00000000     0x8632
 .debug_info    0x00000000      0xacc ..\obj\stm32f30x_rcc.o
 .debug_info    0x00000acc      0x612 ..\obj\stm32f30x_gpio.o
 .debug_info    0x000010de      0x71a ..\obj\main.o
 .debug_info    0x000017f8      0xda1 ..\obj\timers.o
 .debug_info    0x00002599     0x28d1 ..\obj\tasks.o
 .debug_info    0x00004e6a      0x3c4 ..\obj\stm32f30x_exti.o
 .debug_info    0x0000522e      0x4bb ..\obj\system_stm32f30x_temp.o
 .debug_info    0x000056e9      0x2d1 ..\obj\list.o
 .debug_info    0x000059ba      0x556 ..\obj\stm32f30x_misc.o
 .debug_info    0x00005f10      0x61d ..\obj\port.o
 .debug_info    0x0000652d     0x18c7 ..\obj\queue.o
 .debug_info    0x00007df4       0xad ..\obj\startup_stm32f30x.o
 .debug_info    0x00007ea1      0x3ce ..\obj\stm32f30x_syscfg.o
 .debug_info    0x0000826f      0x3c3 ..\obj\heap_2.o

.debug_abbrev   0x00000000     0x16c5
 .debug_abbrev  0x00000000      0x1e5 ..\obj\stm32f30x_rcc.o
 .debug_abbrev  0x000001e5      0x198 ..\obj\stm32f30x_gpio.o
 .debug_abbrev  0x0000037d      0x1d2 ..\obj\main.o
 .debug_abbrev  0x0000054f      0x243 ..\obj\timers.o
 .debug_abbrev  0x00000792      0x2b0 ..\obj\tasks.o
 .debug_abbrev  0x00000a42      0x17e ..\obj\stm32f30x_exti.o
 .debug_abbrev  0x00000bc0      0x147 ..\obj\system_stm32f30x_temp.o
 .debug_abbrev  0x00000d07       0xd6 ..\obj\list.o
 .debug_abbrev  0x00000ddd      0x147 ..\obj\stm32f30x_misc.o
 .debug_abbrev  0x00000f24      0x1fc ..\obj\port.o
 .debug_abbrev  0x00001120      0x245 ..\obj\queue.o
 .debug_abbrev  0x00001365       0x12 ..\obj\startup_stm32f30x.o
 .debug_abbrev  0x00001377      0x183 ..\obj\stm32f30x_syscfg.o
 .debug_abbrev  0x000014fa      0x1cb ..\obj\heap_2.o

.debug_aranges  0x00000000      0x918
 .debug_aranges
                0x00000000      0x150 ..\obj\stm32f30x_rcc.o
 .debug_aranges
                0x00000150       0x80 ..\obj\stm32f30x_gpio.o
 .debug_aranges
                0x000001d0       0x60 ..\obj\main.o
 .debug_aranges
                0x00000230       0xf8 ..\obj\timers.o
 .debug_aranges
                0x00000328      0x228 ..\obj\tasks.o
 .debug_aranges
                0x00000550       0x58 ..\obj\stm32f30x_exti.o
 .debug_aranges
                0x000005a8       0x30 ..\obj\system_stm32f30x_temp.o
 .debug_aranges
                0x000005d8       0x40 ..\obj\list.o
 .debug_aranges
                0x00000618       0x40 ..\obj\stm32f30x_misc.o
 .debug_aranges
                0x00000658       0x80 ..\obj\port.o
 .debug_aranges
                0x000006d8      0x140 ..\obj\queue.o
 .debug_aranges
                0x00000818       0x28 ..\obj\startup_stm32f30x.o
 .debug_aranges
                0x00000840       0x88 ..\obj\stm32f30x_syscfg.o
 .debug_aranges
                0x000008c8       0x50 ..\obj\heap_2.o

.debug_ranges   0x00000000      0x860
 .debug_ranges  0x00000000      0x140 ..\obj\stm32f30x_rcc.o
 .debug_ranges  0x00000140       0x70 ..\obj\stm32f30x_gpio.o
 .debug_ranges  0x000001b0       0x50 ..\obj\main.o
 .debug_ranges  0x00000200       0xe8 ..\obj\timers.o
 .debug_ranges  0x000002e8      0x238 ..\obj\tasks.o
 .debug_ranges  0x00000520       0x48 ..\obj\stm32f30x_exti.o
 .debug_ranges  0x00000568       0x20 ..\obj\system_stm32f30x_temp.o
 .debug_ranges  0x00000588       0x30 ..\obj\list.o
 .debug_ranges  0x000005b8       0x30 ..\obj\stm32f30x_misc.o
 .debug_ranges  0x000005e8       0x70 ..\obj\port.o
 .debug_ranges  0x00000658      0x130 ..\obj\queue.o
 .debug_ranges  0x00000788       0x20 ..\obj\startup_stm32f30x.o
 .debug_ranges  0x000007a8       0x78 ..\obj\stm32f30x_syscfg.o
 .debug_ranges  0x00000820       0x40 ..\obj\heap_2.o

.debug_line     0x00000000     0x4673
 .debug_line    0x00000000      0x5a4 ..\obj\stm32f30x_rcc.o
 .debug_line    0x000005a4      0x33f ..\obj\stm32f30x_gpio.o
 .debug_line    0x000008e3      0x371 ..\obj\main.o
 .debug_line    0x00000c54      0x645 ..\obj\timers.o
 .debug_line    0x00001299     0x12d8 ..\obj\tasks.o
 .debug_line    0x00002571      0x2b9 ..\obj\stm32f30x_exti.o
 .debug_line    0x0000282a      0x1fb ..\obj\system_stm32f30x_temp.o
 .debug_line    0x00002a25      0x261 ..\obj\list.o
 .debug_line    0x00002c86      0x25a ..\obj\stm32f30x_misc.o
 .debug_line    0x00002ee0      0x429 ..\obj\port.o
 .debug_line    0x00003309      0xccc ..\obj\queue.o
 .debug_line    0x00003fd5       0xa4 ..\obj\startup_stm32f30x.o
 .debug_line    0x00004079      0x2c0 ..\obj\stm32f30x_syscfg.o
 .debug_line    0x00004339      0x33a ..\obj\heap_2.o

.debug_str      0x00000000     0x3704
 .debug_str     0x00000000      0x78a ..\obj\stm32f30x_rcc.o
                                0x81b (size before relaxing)
 .debug_str     0x0000078a      0x322 ..\obj\stm32f30x_gpio.o
                                0x4c6 (size before relaxing)
 .debug_str     0x00000aac      0x6f0 ..\obj\main.o
                                0xa5d (size before relaxing)
 .debug_str     0x0000119c      0x5a8 ..\obj\timers.o
                                0x7f9 (size before relaxing)
 .debug_str     0x00001744      0xf04 ..\obj\tasks.o
                               0x1207 (size before relaxing)
 .debug_str     0x00002648      0x124 ..\obj\stm32f30x_exti.o
                                0x3a7 (size before relaxing)
 .debug_str     0x0000276c       0xfd ..\obj\system_stm32f30x_temp.o
                                0x331 (size before relaxing)
 .debug_str     0x00002869       0xbb ..\obj\list.o
                                0x2e8 (size before relaxing)
 .debug_str     0x00002924      0x179 ..\obj\stm32f30x_misc.o
                                0x3f5 (size before relaxing)
 .debug_str     0x00002a9d      0x231 ..\obj\port.o
                                0x458 (size before relaxing)
 .debug_str     0x00002cce      0x625 ..\obj\queue.o
                                0x9e6 (size before relaxing)
 .debug_str     0x000032f3      0x26d ..\obj\stm32f30x_syscfg.o
                                0x427 (size before relaxing)
 .debug_str     0x00003560      0x1a4 ..\obj\heap_2.o
                                0x371 (size before relaxing)

.comment        0x00000000       0x6e
 .comment       0x00000000       0x6e ..\obj\stm32f30x_rcc.o
                                 0x6f (size before relaxing)
 .comment       0x0000006e       0x6f ..\obj\stm32f30x_gpio.o
 .comment       0x0000006e       0x6f ..\obj\main.o
 .comment       0x0000006e       0x6f ..\obj\timers.o
 .comment       0x0000006e       0x6f ..\obj\tasks.o
 .comment       0x0000006e       0x6f ..\obj\stm32f30x_exti.o
 .comment       0x0000006e       0x6f ..\obj\system_stm32f30x_temp.o
 .comment       0x0000006e       0x6f ..\obj\list.o
 .comment       0x0000006e       0x6f ..\obj\stm32f30x_misc.o
 .comment       0x0000006e       0x6f ..\obj\port.o
 .comment       0x0000006e       0x6f ..\obj\queue.o
 .comment       0x0000006e       0x6f ..\obj\stm32f30x_syscfg.o
 .comment       0x0000006e       0x6f ..\obj\heap_2.o

.ARM.attributes
                0x00000000       0x37
 .ARM.attributes
                0x00000000       0x39 ..\obj\stm32f30x_rcc.o
 .ARM.attributes
                0x00000039       0x39 ..\obj\stm32f30x_gpio.o
 .ARM.attributes
                0x00000072       0x39 ..\obj\main.o
 .ARM.attributes
                0x000000ab       0x39 ..\obj\timers.o
 .ARM.attributes
                0x000000e4       0x39 ..\obj\tasks.o
 .ARM.attributes
                0x0000011d       0x39 ..\obj\stm32f30x_exti.o
 .ARM.attributes
                0x00000156       0x39 ..\obj\system_stm32f30x_temp.o
 .ARM.attributes
                0x0000018f       0x39 ..\obj\list.o
 .ARM.attributes
                0x000001c8       0x39 ..\obj\stm32f30x_misc.o
 .ARM.attributes
                0x00000201       0x39 ..\obj\port.o
 .ARM.attributes
                0x0000023a       0x39 ..\obj\queue.o
 .ARM.attributes
                0x00000273       0x21 ..\obj\startup_stm32f30x.o
 .ARM.attributes
                0x00000294       0x39 ..\obj\stm32f30x_syscfg.o
 .ARM.attributes
                0x000002cd       0x39 ..\obj\heap_2.o
 .ARM.attributes
                0x00000306       0x20 c:/program files (x86)/gnu tools arm embedded/5.3 2016q1/bin/../lib/gcc/arm-none-eabi/5.3.1/../../../../arm-none-eabi/lib/armv7e-m/fpu\libg.a(lib_a-memcpy.o)
 .ARM.attributes
                0x00000326       0x34 c:/program files (x86)/gnu tools arm embedded/5.3 2016q1/bin/../lib/gcc/arm-none-eabi/5.3.1/../../../../arm-none-eabi/lib/armv7e-m/fpu\libg.a(lib_a-memset.o)

.debug_frame    0x00000000     0x24f0
 .debug_frame   0x00000000      0x60c ..\obj\stm32f30x_rcc.o
 .debug_frame   0x0000060c      0x214 ..\obj\stm32f30x_gpio.o
 .debug_frame   0x00000820      0x130 ..\obj\main.o
 .debug_frame   0x00000950      0x40c ..\obj\timers.o
 .debug_frame   0x00000d5c      0x990 ..\obj\tasks.o
 .debug_frame   0x000016ec      0x148 ..\obj\stm32f30x_exti.o
 .debug_frame   0x00001834       0x7c ..\obj\system_stm32f30x_temp.o
 .debug_frame   0x000018b0       0xd8 ..\obj\list.o
 .debug_frame   0x00001988       0xd8 ..\obj\stm32f30x_misc.o
 .debug_frame   0x00001a60      0x1a8 ..\obj\port.o
 .debug_frame   0x00001c08      0x580 ..\obj\queue.o
 .debug_frame   0x00002188      0x230 ..\obj\stm32f30x_syscfg.o
 .debug_frame   0x000023b8      0x104 ..\obj\heap_2.o
 .debug_frame   0x000024bc       0x34 c:/program files (x86)/gnu tools arm embedded/5.3 2016q1/bin/../lib/gcc/arm-none-eabi/5.3.1/../../../../arm-none-eabi/lib/armv7e-m/fpu\libg.a(lib_a-memset.o)
