Archive member included to satisfy reference by file (symbol)

..\..\..\..\..\..\..\Program Files (x86)\GNU Tools ARM Embedded\5.3 2016q1\arm-none-eabi\lib\armv7e-m\fpu\libm.a(lib_a-s_sin.o)
                              ..\obj\main.o (sin)
..\..\..\..\..\..\..\Program Files (x86)\GNU Tools ARM Embedded\5.3 2016q1\arm-none-eabi\lib\armv7e-m\fpu\libm.a(lib_a-e_rem_pio2.o)
                              ..\..\..\..\..\..\..\Program Files (x86)\GNU Tools ARM Embedded\5.3 2016q1\arm-none-eabi\lib\armv7e-m\fpu\libm.a(lib_a-s_sin.o) (__ieee754_rem_pio2)
..\..\..\..\..\..\..\Program Files (x86)\GNU Tools ARM Embedded\5.3 2016q1\arm-none-eabi\lib\armv7e-m\fpu\libm.a(lib_a-k_cos.o)
                              ..\..\..\..\..\..\..\Program Files (x86)\GNU Tools ARM Embedded\5.3 2016q1\arm-none-eabi\lib\armv7e-m\fpu\libm.a(lib_a-s_sin.o) (__kernel_cos)
..\..\..\..\..\..\..\Program Files (x86)\GNU Tools ARM Embedded\5.3 2016q1\arm-none-eabi\lib\armv7e-m\fpu\libm.a(lib_a-k_rem_pio2.o)
                              ..\..\..\..\..\..\..\Program Files (x86)\GNU Tools ARM Embedded\5.3 2016q1\arm-none-eabi\lib\armv7e-m\fpu\libm.a(lib_a-e_rem_pio2.o) (__kernel_rem_pio2)
..\..\..\..\..\..\..\Program Files (x86)\GNU Tools ARM Embedded\5.3 2016q1\arm-none-eabi\lib\armv7e-m\fpu\libm.a(lib_a-k_sin.o)
                              ..\..\..\..\..\..\..\Program Files (x86)\GNU Tools ARM Embedded\5.3 2016q1\arm-none-eabi\lib\armv7e-m\fpu\libm.a(lib_a-s_sin.o) (__kernel_sin)
..\..\..\..\..\..\..\Program Files (x86)\GNU Tools ARM Embedded\5.3 2016q1\arm-none-eabi\lib\armv7e-m\fpu\libm.a(lib_a-s_fabs.o)
                              ..\..\..\..\..\..\..\Program Files (x86)\GNU Tools ARM Embedded\5.3 2016q1\arm-none-eabi\lib\armv7e-m\fpu\libm.a(lib_a-e_rem_pio2.o) (fabs)
..\..\..\..\..\..\..\Program Files (x86)\GNU Tools ARM Embedded\5.3 2016q1\arm-none-eabi\lib\armv7e-m\fpu\libm.a(lib_a-s_floor.o)
                              ..\..\..\..\..\..\..\Program Files (x86)\GNU Tools ARM Embedded\5.3 2016q1\arm-none-eabi\lib\armv7e-m\fpu\libm.a(lib_a-k_rem_pio2.o) (floor)
..\..\..\..\..\..\..\Program Files (x86)\GNU Tools ARM Embedded\5.3 2016q1\arm-none-eabi\lib\armv7e-m\fpu\libm.a(lib_a-s_scalbn.o)
                              ..\..\..\..\..\..\..\Program Files (x86)\GNU Tools ARM Embedded\5.3 2016q1\arm-none-eabi\lib\armv7e-m\fpu\libm.a(lib_a-k_rem_pio2.o) (scalbn)
..\..\..\..\..\..\..\Program Files (x86)\GNU Tools ARM Embedded\5.3 2016q1\arm-none-eabi\lib\armv7e-m\fpu\libm.a(lib_a-s_copysign.o)
                              ..\..\..\..\..\..\..\Program Files (x86)\GNU Tools ARM Embedded\5.3 2016q1\arm-none-eabi\lib\armv7e-m\fpu\libm.a(lib_a-s_scalbn.o) (copysign)
c:/program files (x86)/gnu tools arm embedded/5.3 2016q1/bin/../lib/gcc/arm-none-eabi/5.3.1/armv7e-m/fpu\libgcc.a(_arm_addsubdf3.o)
                              ..\..\..\..\..\..\..\Program Files (x86)\GNU Tools ARM Embedded\5.3 2016q1\arm-none-eabi\lib\armv7e-m\fpu\libm.a(lib_a-s_sin.o) (__aeabi_dsub)
c:/program files (x86)/gnu tools arm embedded/5.3 2016q1/bin/../lib/gcc/arm-none-eabi/5.3.1/armv7e-m/fpu\libgcc.a(_arm_muldivdf3.o)
                              ..\obj\main.o (__aeabi_dmul)
c:/program files (x86)/gnu tools arm embedded/5.3 2016q1/bin/../lib/gcc/arm-none-eabi/5.3.1/armv7e-m/fpu\libgcc.a(_arm_cmpdf2.o)
                              ..\..\..\..\..\..\..\Program Files (x86)\GNU Tools ARM Embedded\5.3 2016q1\arm-none-eabi\lib\armv7e-m\fpu\libm.a(lib_a-e_rem_pio2.o) (__aeabi_dcmpeq)
c:/program files (x86)/gnu tools arm embedded/5.3 2016q1/bin/../lib/gcc/arm-none-eabi/5.3.1/armv7e-m/fpu\libgcc.a(_arm_fixdfsi.o)
                              ..\..\..\..\..\..\..\Program Files (x86)\GNU Tools ARM Embedded\5.3 2016q1\arm-none-eabi\lib\armv7e-m\fpu\libm.a(lib_a-e_rem_pio2.o) (__aeabi_d2iz)
c:/program files (x86)/gnu tools arm embedded/5.3 2016q1/bin/../lib/gcc/arm-none-eabi/5.3.1/armv7e-m/fpu\libgcc.a(_arm_fixunsdfsi.o)
                              ..\obj\main.o (__aeabi_d2uiz)

Discarded input sections

 .text          0x00000000        0x0 ..\obj\stm32f30x_rcc.o
 .data          0x00000000       0x2a ..\obj\stm32f30x_rcc.o
 .bss           0x00000000        0x0 ..\obj\stm32f30x_rcc.o
 .text.RCC_DeInit
                0x00000000       0x7c ..\obj\stm32f30x_rcc.o
 .text.RCC_HSEConfig
                0x00000000       0x28 ..\obj\stm32f30x_rcc.o
 .text.RCC_WaitForHSEStartUp
                0x00000000       0x50 ..\obj\stm32f30x_rcc.o
 .text.RCC_AdjustHSICalibrationValue
                0x00000000       0x3c ..\obj\stm32f30x_rcc.o
 .text.RCC_HSICmd
                0x00000000       0x20 ..\obj\stm32f30x_rcc.o
 .text.RCC_LSEConfig
                0x00000000       0x3c ..\obj\stm32f30x_rcc.o
 .text.RCC_LSEDriveConfig
                0x00000000       0x30 ..\obj\stm32f30x_rcc.o
 .text.RCC_LSICmd
                0x00000000       0x20 ..\obj\stm32f30x_rcc.o
 .text.RCC_PLLConfig
                0x00000000       0x38 ..\obj\stm32f30x_rcc.o
 .text.RCC_PLLCmd
                0x00000000       0x20 ..\obj\stm32f30x_rcc.o
 .text.RCC_PREDIV1Config
                0x00000000       0x38 ..\obj\stm32f30x_rcc.o
 .text.RCC_ClockSecuritySystemCmd
                0x00000000       0x20 ..\obj\stm32f30x_rcc.o
 .text.RCC_MCOConfig
                0x00000000       0x20 ..\obj\stm32f30x_rcc.o
 .text.RCC_SYSCLKConfig
                0x00000000       0x38 ..\obj\stm32f30x_rcc.o
 .text.RCC_GetSYSCLKSource
                0x00000000       0x20 ..\obj\stm32f30x_rcc.o
 .text.RCC_HCLKConfig
                0x00000000       0x38 ..\obj\stm32f30x_rcc.o
 .text.RCC_PCLK1Config
                0x00000000       0x38 ..\obj\stm32f30x_rcc.o
 .text.RCC_PCLK2Config
                0x00000000       0x3c ..\obj\stm32f30x_rcc.o
 .text.RCC_GetClocksFreq
                0x00000000      0x418 ..\obj\stm32f30x_rcc.o
 .text.RCC_ADCCLKConfig
                0x00000000       0x50 ..\obj\stm32f30x_rcc.o
 .text.RCC_I2CCLKConfig
                0x00000000       0x50 ..\obj\stm32f30x_rcc.o
 .text.RCC_TIMCLKConfig
                0x00000000       0x50 ..\obj\stm32f30x_rcc.o
 .text.RCC_USARTCLKConfig
                0x00000000       0x98 ..\obj\stm32f30x_rcc.o
 .text.RCC_USBCLKConfig
                0x00000000       0x20 ..\obj\stm32f30x_rcc.o
 .text.RCC_RTCCLKConfig
                0x00000000       0x24 ..\obj\stm32f30x_rcc.o
 .text.RCC_I2SCLKConfig
                0x00000000       0x20 ..\obj\stm32f30x_rcc.o
 .text.RCC_RTCCLKCmd
                0x00000000       0x20 ..\obj\stm32f30x_rcc.o
 .text.RCC_BackupResetCmd
                0x00000000       0x20 ..\obj\stm32f30x_rcc.o
 .text.RCC_APB2PeriphClockCmd
                0x00000000       0x40 ..\obj\stm32f30x_rcc.o
 .text.RCC_APB1PeriphClockCmd
                0x00000000       0x40 ..\obj\stm32f30x_rcc.o
 .text.RCC_AHBPeriphResetCmd
                0x00000000       0x40 ..\obj\stm32f30x_rcc.o
 .text.RCC_APB2PeriphResetCmd
                0x00000000       0x40 ..\obj\stm32f30x_rcc.o
 .text.RCC_APB1PeriphResetCmd
                0x00000000       0x40 ..\obj\stm32f30x_rcc.o
 .text.RCC_ITConfig
                0x00000000       0x4c ..\obj\stm32f30x_rcc.o
 .text.RCC_GetFlagStatus
                0x00000000       0x84 ..\obj\stm32f30x_rcc.o
 .text.RCC_ClearFlag
                0x00000000       0x20 ..\obj\stm32f30x_rcc.o
 .text.RCC_GetITStatus
                0x00000000       0x38 ..\obj\stm32f30x_rcc.o
 .text.RCC_ClearITPendingBit
                0x00000000       0x20 ..\obj\stm32f30x_rcc.o
 .text          0x00000000        0x0 ..\obj\stm32f30x_gpio.o
 .data          0x00000000        0x0 ..\obj\stm32f30x_gpio.o
 .bss           0x00000000        0x0 ..\obj\stm32f30x_gpio.o
 .text.GPIO_DeInit
                0x00000000       0xd8 ..\obj\stm32f30x_gpio.o
 .text.GPIO_StructInit
                0x00000000       0x34 ..\obj\stm32f30x_gpio.o
 .text.GPIO_PinLockConfig
                0x00000000       0x44 ..\obj\stm32f30x_gpio.o
 .text.GPIO_ReadInputDataBit
                0x00000000       0x38 ..\obj\stm32f30x_gpio.o
 .text.GPIO_ReadInputData
                0x00000000       0x1c ..\obj\stm32f30x_gpio.o
 .text.GPIO_ReadOutputDataBit
                0x00000000       0x38 ..\obj\stm32f30x_gpio.o
 .text.GPIO_ReadOutputData
                0x00000000       0x1c ..\obj\stm32f30x_gpio.o
 .text.GPIO_SetBits
                0x00000000       0x20 ..\obj\stm32f30x_gpio.o
 .text.GPIO_ResetBits
                0x00000000       0x20 ..\obj\stm32f30x_gpio.o
 .text.GPIO_WriteBit
                0x00000000       0x30 ..\obj\stm32f30x_gpio.o
 .text.GPIO_Write
                0x00000000       0x20 ..\obj\stm32f30x_gpio.o
 .text.GPIO_PinAFConfig
                0x00000000       0x94 ..\obj\stm32f30x_gpio.o
 .text          0x00000000        0x0 ..\obj\main.o
 .data          0x00000000        0x0 ..\obj\main.o
 .bss           0x00000000        0x0 ..\obj\main.o
 .text._delay   0x00000000       0x50 ..\obj\main.o
 .text          0x00000000        0x0 ..\obj\system_stm32f30x_temp.o
 .data          0x00000000       0x14 ..\obj\system_stm32f30x_temp.o
 .bss           0x00000000        0x0 ..\obj\system_stm32f30x_temp.o
 .text.SystemCoreClockUpdate1
                0x00000000       0xd8 ..\obj\system_stm32f30x_temp.o
 .text          0x00000000        0x0 ..\obj\syscalls.o
 .data          0x00000000        0x0 ..\obj\syscalls.o
 .bss           0x00000000        0x4 ..\obj\syscalls.o
 .text._sbrk    0x00000000       0x40 ..\obj\syscalls.o
 .text.link     0x00000000       0x1c ..\obj\syscalls.o
 .text._close   0x00000000       0x18 ..\obj\syscalls.o
 .text._fstat   0x00000000       0x20 ..\obj\syscalls.o
 .text._isatty  0x00000000       0x18 ..\obj\syscalls.o
 .text._lseek   0x00000000       0x1c ..\obj\syscalls.o
 .text._read    0x00000000       0x1c ..\obj\syscalls.o
 .text._write   0x00000000       0x1c ..\obj\syscalls.o
 .text.abort    0x00000000        0x8 ..\obj\syscalls.o
 .debug_info    0x00000000      0x3f5 ..\obj\syscalls.o
 .debug_abbrev  0x00000000       0xe5 ..\obj\syscalls.o
 .debug_aranges
                0x00000000       0x60 ..\obj\syscalls.o
 .debug_ranges  0x00000000       0x50 ..\obj\syscalls.o
 .debug_line    0x00000000      0x194 ..\obj\syscalls.o
 .debug_str     0x00000000      0x331 ..\obj\syscalls.o
 .comment       0x00000000       0x6f ..\obj\syscalls.o
 .debug_frame   0x00000000      0x168 ..\obj\syscalls.o
 .ARM.attributes
                0x00000000       0x39 ..\obj\syscalls.o
 .text          0x00000000       0x14 ..\obj\startup_stm32f30x.o
 .data          0x00000000        0x0 ..\obj\startup_stm32f30x.o
 .bss           0x00000000        0x0 ..\obj\startup_stm32f30x.o
 .text          0x00000000        0x0 ..\..\..\..\..\..\..\Program Files (x86)\GNU Tools ARM Embedded\5.3 2016q1\arm-none-eabi\lib\armv7e-m\fpu\libm.a(lib_a-s_sin.o)
 .data          0x00000000        0x0 ..\..\..\..\..\..\..\Program Files (x86)\GNU Tools ARM Embedded\5.3 2016q1\arm-none-eabi\lib\armv7e-m\fpu\libm.a(lib_a-s_sin.o)
 .bss           0x00000000        0x0 ..\..\..\..\..\..\..\Program Files (x86)\GNU Tools ARM Embedded\5.3 2016q1\arm-none-eabi\lib\armv7e-m\fpu\libm.a(lib_a-s_sin.o)
 .text          0x00000000        0x0 ..\..\..\..\..\..\..\Program Files (x86)\GNU Tools ARM Embedded\5.3 2016q1\arm-none-eabi\lib\armv7e-m\fpu\libm.a(lib_a-e_rem_pio2.o)
 .data          0x00000000        0x0 ..\..\..\..\..\..\..\Program Files (x86)\GNU Tools ARM Embedded\5.3 2016q1\arm-none-eabi\lib\armv7e-m\fpu\libm.a(lib_a-e_rem_pio2.o)
 .bss           0x00000000        0x0 ..\..\..\..\..\..\..\Program Files (x86)\GNU Tools ARM Embedded\5.3 2016q1\arm-none-eabi\lib\armv7e-m\fpu\libm.a(lib_a-e_rem_pio2.o)
 .text          0x00000000        0x0 ..\..\..\..\..\..\..\Program Files (x86)\GNU Tools ARM Embedded\5.3 2016q1\arm-none-eabi\lib\armv7e-m\fpu\libm.a(lib_a-k_cos.o)
 .data          0x00000000        0x0 ..\..\..\..\..\..\..\Program Files (x86)\GNU Tools ARM Embedded\5.3 2016q1\arm-none-eabi\lib\armv7e-m\fpu\libm.a(lib_a-k_cos.o)
 .bss           0x00000000        0x0 ..\..\..\..\..\..\..\Program Files (x86)\GNU Tools ARM Embedded\5.3 2016q1\arm-none-eabi\lib\armv7e-m\fpu\libm.a(lib_a-k_cos.o)
 .text          0x00000000        0x0 ..\..\..\..\..\..\..\Program Files (x86)\GNU Tools ARM Embedded\5.3 2016q1\arm-none-eabi\lib\armv7e-m\fpu\libm.a(lib_a-k_rem_pio2.o)
 .data          0x00000000        0x0 ..\..\..\..\..\..\..\Program Files (x86)\GNU Tools ARM Embedded\5.3 2016q1\arm-none-eabi\lib\armv7e-m\fpu\libm.a(lib_a-k_rem_pio2.o)
 .bss           0x00000000        0x0 ..\..\..\..\..\..\..\Program Files (x86)\GNU Tools ARM Embedded\5.3 2016q1\arm-none-eabi\lib\armv7e-m\fpu\libm.a(lib_a-k_rem_pio2.o)
 .text          0x00000000        0x0 ..\..\..\..\..\..\..\Program Files (x86)\GNU Tools ARM Embedded\5.3 2016q1\arm-none-eabi\lib\armv7e-m\fpu\libm.a(lib_a-k_sin.o)
 .data          0x00000000        0x0 ..\..\..\..\..\..\..\Program Files (x86)\GNU Tools ARM Embedded\5.3 2016q1\arm-none-eabi\lib\armv7e-m\fpu\libm.a(lib_a-k_sin.o)
 .bss           0x00000000        0x0 ..\..\..\..\..\..\..\Program Files (x86)\GNU Tools ARM Embedded\5.3 2016q1\arm-none-eabi\lib\armv7e-m\fpu\libm.a(lib_a-k_sin.o)
 .text          0x00000000        0x0 ..\..\..\..\..\..\..\Program Files (x86)\GNU Tools ARM Embedded\5.3 2016q1\arm-none-eabi\lib\armv7e-m\fpu\libm.a(lib_a-s_fabs.o)
 .data          0x00000000        0x0 ..\..\..\..\..\..\..\Program Files (x86)\GNU Tools ARM Embedded\5.3 2016q1\arm-none-eabi\lib\armv7e-m\fpu\libm.a(lib_a-s_fabs.o)
 .bss           0x00000000        0x0 ..\..\..\..\..\..\..\Program Files (x86)\GNU Tools ARM Embedded\5.3 2016q1\arm-none-eabi\lib\armv7e-m\fpu\libm.a(lib_a-s_fabs.o)
 .text          0x00000000        0x0 ..\..\..\..\..\..\..\Program Files (x86)\GNU Tools ARM Embedded\5.3 2016q1\arm-none-eabi\lib\armv7e-m\fpu\libm.a(lib_a-s_floor.o)
 .data          0x00000000        0x0 ..\..\..\..\..\..\..\Program Files (x86)\GNU Tools ARM Embedded\5.3 2016q1\arm-none-eabi\lib\armv7e-m\fpu\libm.a(lib_a-s_floor.o)
 .bss           0x00000000        0x0 ..\..\..\..\..\..\..\Program Files (x86)\GNU Tools ARM Embedded\5.3 2016q1\arm-none-eabi\lib\armv7e-m\fpu\libm.a(lib_a-s_floor.o)
 .text          0x00000000        0x0 ..\..\..\..\..\..\..\Program Files (x86)\GNU Tools ARM Embedded\5.3 2016q1\arm-none-eabi\lib\armv7e-m\fpu\libm.a(lib_a-s_scalbn.o)
 .data          0x00000000        0x0 ..\..\..\..\..\..\..\Program Files (x86)\GNU Tools ARM Embedded\5.3 2016q1\arm-none-eabi\lib\armv7e-m\fpu\libm.a(lib_a-s_scalbn.o)
 .bss           0x00000000        0x0 ..\..\..\..\..\..\..\Program Files (x86)\GNU Tools ARM Embedded\5.3 2016q1\arm-none-eabi\lib\armv7e-m\fpu\libm.a(lib_a-s_scalbn.o)
 .text          0x00000000        0x0 ..\..\..\..\..\..\..\Program Files (x86)\GNU Tools ARM Embedded\5.3 2016q1\arm-none-eabi\lib\armv7e-m\fpu\libm.a(lib_a-s_copysign.o)
 .data          0x00000000        0x0 ..\..\..\..\..\..\..\Program Files (x86)\GNU Tools ARM Embedded\5.3 2016q1\arm-none-eabi\lib\armv7e-m\fpu\libm.a(lib_a-s_copysign.o)
 .bss           0x00000000        0x0 ..\..\..\..\..\..\..\Program Files (x86)\GNU Tools ARM Embedded\5.3 2016q1\arm-none-eabi\lib\armv7e-m\fpu\libm.a(lib_a-s_copysign.o)
 .data          0x00000000        0x0 c:/program files (x86)/gnu tools arm embedded/5.3 2016q1/bin/../lib/gcc/arm-none-eabi/5.3.1/armv7e-m/fpu\libgcc.a(_arm_addsubdf3.o)
 .bss           0x00000000        0x0 c:/program files (x86)/gnu tools arm embedded/5.3 2016q1/bin/../lib/gcc/arm-none-eabi/5.3.1/armv7e-m/fpu\libgcc.a(_arm_addsubdf3.o)
 .data          0x00000000        0x0 c:/program files (x86)/gnu tools arm embedded/5.3 2016q1/bin/../lib/gcc/arm-none-eabi/5.3.1/armv7e-m/fpu\libgcc.a(_arm_muldivdf3.o)
 .bss           0x00000000        0x0 c:/program files (x86)/gnu tools arm embedded/5.3 2016q1/bin/../lib/gcc/arm-none-eabi/5.3.1/armv7e-m/fpu\libgcc.a(_arm_muldivdf3.o)
 .data          0x00000000        0x0 c:/program files (x86)/gnu tools arm embedded/5.3 2016q1/bin/../lib/gcc/arm-none-eabi/5.3.1/armv7e-m/fpu\libgcc.a(_arm_cmpdf2.o)
 .bss           0x00000000        0x0 c:/program files (x86)/gnu tools arm embedded/5.3 2016q1/bin/../lib/gcc/arm-none-eabi/5.3.1/armv7e-m/fpu\libgcc.a(_arm_cmpdf2.o)
 .data          0x00000000        0x0 c:/program files (x86)/gnu tools arm embedded/5.3 2016q1/bin/../lib/gcc/arm-none-eabi/5.3.1/armv7e-m/fpu\libgcc.a(_arm_fixdfsi.o)
 .bss           0x00000000        0x0 c:/program files (x86)/gnu tools arm embedded/5.3 2016q1/bin/../lib/gcc/arm-none-eabi/5.3.1/armv7e-m/fpu\libgcc.a(_arm_fixdfsi.o)
 .data          0x00000000        0x0 c:/program files (x86)/gnu tools arm embedded/5.3 2016q1/bin/../lib/gcc/arm-none-eabi/5.3.1/armv7e-m/fpu\libgcc.a(_arm_fixunsdfsi.o)
 .bss           0x00000000        0x0 c:/program files (x86)/gnu tools arm embedded/5.3 2016q1/bin/../lib/gcc/arm-none-eabi/5.3.1/armv7e-m/fpu\libgcc.a(_arm_fixunsdfsi.o)

Memory Configuration

Name             Origin             Length             Attributes
rom              0x08000000         0x00040000         xr
ram              0x20000000         0x0000a000         xrw
ram1             0x10000000         0x00002000         xrw
*default*        0x00000000         0xffffffff

Linker script and memory map

                0x2000a000                _eram = 0x2000a000

.text           0x08000000     0x25f8
 *(.isr_vector)
 .isr_vector    0x08000000      0x188 ..\obj\startup_stm32f30x.o
                0x08000000                g_pfnVectors
 *(.text*)
 .text.RCC_AHBPeriphClockCmd
                0x08000188       0x40 ..\obj\stm32f30x_rcc.o
                0x08000188                RCC_AHBPeriphClockCmd
 .text.GPIO_Init
                0x080001c8      0x130 ..\obj\stm32f30x_gpio.o
                0x080001c8                GPIO_Init
 .text.Port_Init
                0x080002f8       0x3c ..\obj\main.o
                0x080002f8                Port_Init
 .text.PWM      0x08000334      0x12c ..\obj\main.o
                0x08000334                PWM
 .text.main     0x08000460      0x11c ..\obj\main.o
                0x08000460                main
 .text.SystemInit1
                0x0800057c       0x94 ..\obj\system_stm32f30x_temp.o
                0x0800057c                SystemInit
                0x0800057c                SystemInit1
 .text.SetSysClock1
                0x08000610       0xe4 ..\obj\system_stm32f30x_temp.o
                0x08000610                SetSysClock
 .text.Reset_Handler
                0x080006f4       0x44 ..\obj\startup_stm32f30x.o
                0x080006f4                Reset_Handler
 .text.Default_Handler
                0x08000738        0x2 ..\obj\startup_stm32f30x.o
                0x08000738                RTC_Alarm_IRQHandler
                0x08000738                TIM8_TRG_COM_IRQHandler
                0x08000738                TIM8_CC_IRQHandler
                0x08000738                DebugMon_Handler
                0x08000738                TIM1_CC_IRQHandler
                0x08000738                HardFault_Handler
                0x08000738                USB_HP_IRQHandler
                0x08000738                SysTick_Handler
                0x08000738                PVD_IRQHandler
                0x08000738                PendSV_Handler
                0x08000738                NMI_Handler
                0x08000738                EXTI3_IRQHandler
                0x08000738                EXTI0_IRQHandler
                0x08000738                I2C2_EV_IRQHandler
                0x08000738                FPU_IRQHandler
                0x08000738                EXTI2_TS_IRQHandler
                0x08000738                TIM1_UP_TIM16_IRQHandler
                0x08000738                UsageFault_Handler
                0x08000738                ADC1_2_IRQHandler
                0x08000738                SPI1_IRQHandler
                0x08000738                TIM6_DAC_IRQHandler
                0x08000738                TIM8_UP_IRQHandler
                0x08000738                DMA2_Channel2_IRQHandler
                0x08000738                DMA1_Channel4_IRQHandler
                0x08000738                USART3_IRQHandler
                0x08000738                DMA1_Channel7_IRQHandler
                0x08000738                CAN1_RX1_IRQHandler
                0x08000738                UART5_IRQHandler
                0x08000738                ADC3_IRQHandler
                0x08000738                TIM4_IRQHandler
                0x08000738                DMA2_Channel1_IRQHandler
                0x08000738                I2C1_EV_IRQHandler
                0x08000738                DMA1_Channel6_IRQHandler
                0x08000738                UART4_IRQHandler
                0x08000738                DMA2_Channel4_IRQHandler
                0x08000738                TIM3_IRQHandler
                0x08000738                RCC_IRQHandler
                0x08000738                DMA1_Channel1_IRQHandler
                0x08000738                Default_Handler
                0x08000738                USBWakeUp_RMP_IRQHandler
                0x08000738                EXTI15_10_IRQHandler
                0x08000738                TIM7_IRQHandler
                0x08000738                EXTI9_5_IRQHandler
                0x08000738                TAMPER_STAMP_IRQHandler
                0x08000738                RTC_WKUP_IRQHandler
                0x08000738                SPI2_IRQHandler
                0x08000738                MemManage_Handler
                0x08000738                SVC_Handler
                0x08000738                DMA2_Channel5_IRQHandler
                0x08000738                DMA1_Channel5_IRQHandler
                0x08000738                USB_LP_IRQHandler
                0x08000738                EXTI4_IRQHandler
                0x08000738                USB_LP_CAN1_RX0_IRQHandler
                0x08000738                TIM1_TRG_COM_TIM17_IRQHandler
                0x08000738                USB_HP_CAN1_TX_IRQHandler
                0x08000738                DMA1_Channel3_IRQHandler
                0x08000738                ADC4_IRQHandler
                0x08000738                WWDG_IRQHandler
                0x08000738                TIM2_IRQHandler
                0x08000738                COMP7_IRQHandler
                0x08000738                COMP1_2_3_IRQHandler
                0x08000738                EXTI1_IRQHandler
                0x08000738                USART2_IRQHandler
                0x08000738                COMP4_5_6_IRQHandler
                0x08000738                I2C2_ER_IRQHandler
                0x08000738                DMA1_Channel2_IRQHandler
                0x08000738                TIM8_BRK_IRQHandler
                0x08000738                CAN1_SCE_IRQHandler
                0x08000738                FLASH_IRQHandler
                0x08000738                BusFault_Handler
                0x08000738                USART1_IRQHandler
                0x08000738                SPI3_IRQHandler
                0x08000738                I2C1_ER_IRQHandler
                0x08000738                USBWakeUp_IRQHandler
                0x08000738                DMA2_Channel3_IRQHandler
                0x08000738                TIM1_BRK_TIM15_IRQHandler
 *fill*         0x0800073a        0x6 
 .text.sin      0x08000740       0xc0 ..\..\..\..\..\..\..\Program Files (x86)\GNU Tools ARM Embedded\5.3 2016q1\arm-none-eabi\lib\armv7e-m\fpu\libm.a(lib_a-s_sin.o)
                0x08000740                sin
 .text.__ieee754_rem_pio2
                0x08000800      0x44c ..\..\..\..\..\..\..\Program Files (x86)\GNU Tools ARM Embedded\5.3 2016q1\arm-none-eabi\lib\armv7e-m\fpu\libm.a(lib_a-e_rem_pio2.o)
                0x08000800                __ieee754_rem_pio2
 *fill*         0x08000c4c        0x4 
 .text.__kernel_cos
                0x08000c50      0x284 ..\..\..\..\..\..\..\Program Files (x86)\GNU Tools ARM Embedded\5.3 2016q1\arm-none-eabi\lib\armv7e-m\fpu\libm.a(lib_a-k_cos.o)
                0x08000c50                __kernel_cos
 *fill*         0x08000ed4        0x4 
 .text.__kernel_rem_pio2
                0x08000ed8      0x820 ..\..\..\..\..\..\..\Program Files (x86)\GNU Tools ARM Embedded\5.3 2016q1\arm-none-eabi\lib\armv7e-m\fpu\libm.a(lib_a-k_rem_pio2.o)
                0x08000ed8                __kernel_rem_pio2
 .text.__kernel_sin
                0x080016f8      0x194 ..\..\..\..\..\..\..\Program Files (x86)\GNU Tools ARM Embedded\5.3 2016q1\arm-none-eabi\lib\armv7e-m\fpu\libm.a(lib_a-k_sin.o)
                0x080016f8                __kernel_sin
 .text.fabs     0x0800188c       0x10 ..\..\..\..\..\..\..\Program Files (x86)\GNU Tools ARM Embedded\5.3 2016q1\arm-none-eabi\lib\armv7e-m\fpu\libm.a(lib_a-s_fabs.o)
                0x0800188c                fabs
 *fill*         0x0800189c        0x4 
 .text.floor    0x080018a0      0x120 ..\..\..\..\..\..\..\Program Files (x86)\GNU Tools ARM Embedded\5.3 2016q1\arm-none-eabi\lib\armv7e-m\fpu\libm.a(lib_a-s_floor.o)
                0x080018a0                floor
 .text.scalbn   0x080019c0      0x10c ..\..\..\..\..\..\..\Program Files (x86)\GNU Tools ARM Embedded\5.3 2016q1\arm-none-eabi\lib\armv7e-m\fpu\libm.a(lib_a-s_scalbn.o)
                0x080019c0                scalbn
 .text.copysign
                0x08001acc       0x1c ..\..\..\..\..\..\..\Program Files (x86)\GNU Tools ARM Embedded\5.3 2016q1\arm-none-eabi\lib\armv7e-m\fpu\libm.a(lib_a-s_copysign.o)
                0x08001acc                copysign
 .text          0x08001ae8      0x370 c:/program files (x86)/gnu tools arm embedded/5.3 2016q1/bin/../lib/gcc/arm-none-eabi/5.3.1/armv7e-m/fpu\libgcc.a(_arm_addsubdf3.o)
                0x08001ae8                __aeabi_drsub
                0x08001af0                __aeabi_dsub
                0x08001af0                __subdf3
                0x08001af4                __aeabi_dadd
                0x08001af4                __adddf3
                0x08001d6c                __floatunsidf
                0x08001d6c                __aeabi_ui2d
                0x08001d8c                __floatsidf
                0x08001d8c                __aeabi_i2d
                0x08001db0                __aeabi_f2d
                0x08001db0                __extendsfdf2
                0x08001dec                __floatundidf
                0x08001dec                __aeabi_ul2d
                0x08001dfc                __floatdidf
                0x08001dfc                __aeabi_l2d
 .text          0x08001e58      0x424 c:/program files (x86)/gnu tools arm embedded/5.3 2016q1/bin/../lib/gcc/arm-none-eabi/5.3.1/armv7e-m/fpu\libgcc.a(_arm_muldivdf3.o)
                0x08001e58                __aeabi_dmul
                0x08001e58                __muldf3
                0x080020ac                __divdf3
                0x080020ac                __aeabi_ddiv
 .text          0x0800227c      0x110 c:/program files (x86)/gnu tools arm embedded/5.3 2016q1/bin/../lib/gcc/arm-none-eabi/5.3.1/armv7e-m/fpu\libgcc.a(_arm_cmpdf2.o)
                0x0800227c                __gtdf2
                0x0800227c                __gedf2
                0x08002284                __ltdf2
                0x08002284                __ledf2
                0x0800228c                __nedf2
                0x0800228c                __eqdf2
                0x0800228c                __cmpdf2
                0x08002308                __aeabi_cdrcmple
                0x08002318                __aeabi_cdcmpeq
                0x08002318                __aeabi_cdcmple
                0x08002328                __aeabi_dcmpeq
                0x0800233c                __aeabi_dcmplt
                0x08002350                __aeabi_dcmple
                0x08002364                __aeabi_dcmpge
                0x08002378                __aeabi_dcmpgt
 .text          0x0800238c       0x50 c:/program files (x86)/gnu tools arm embedded/5.3 2016q1/bin/../lib/gcc/arm-none-eabi/5.3.1/armv7e-m/fpu\libgcc.a(_arm_fixdfsi.o)
                0x0800238c                __aeabi_d2iz
                0x0800238c                __fixdfsi
 .text          0x080023dc       0x40 c:/program files (x86)/gnu tools arm embedded/5.3 2016q1/bin/../lib/gcc/arm-none-eabi/5.3.1/armv7e-m/fpu\libgcc.a(_arm_fixunsdfsi.o)
                0x080023dc                __aeabi_d2uiz
                0x080023dc                __fixunsdfsi
 *(.init)
 *(.fini)
 *crtbegin.o(.ctors)
 *crtbegin?.o(.ctors)
 *(EXCLUDE_FILE(*crtend.o *crtend?.o) .ctors)
 *(SORT(.ctors.*))
 *(.ctors)
 *crtbegin.o(.dtors)
 *crtbegin?.o(.dtors)
 *(EXCLUDE_FILE(*crtend.o *crtend?.o) .dtors)
 *(SORT(.dtors.*))
 *(.dtors)
 *(.rodata*)
 .rodata.npio2_hw
                0x0800241c       0x80 ..\..\..\..\..\..\..\Program Files (x86)\GNU Tools ARM Embedded\5.3 2016q1\arm-none-eabi\lib\armv7e-m\fpu\libm.a(lib_a-e_rem_pio2.o)
 .rodata.two_over_pi
                0x0800249c      0x108 ..\..\..\..\..\..\..\Program Files (x86)\GNU Tools ARM Embedded\5.3 2016q1\arm-none-eabi\lib\armv7e-m\fpu\libm.a(lib_a-e_rem_pio2.o)
 .rodata.init_jk
                0x080025a4       0x10 ..\..\..\..\..\..\..\Program Files (x86)\GNU Tools ARM Embedded\5.3 2016q1\arm-none-eabi\lib\armv7e-m\fpu\libm.a(lib_a-k_rem_pio2.o)
 *fill*         0x080025b4        0x4 
 .rodata.PIo2   0x080025b8       0x40 ..\..\..\..\..\..\..\Program Files (x86)\GNU Tools ARM Embedded\5.3 2016q1\arm-none-eabi\lib\armv7e-m\fpu\libm.a(lib_a-k_rem_pio2.o)
 *(.eh_fram e*)

.glue_7         0x080025f8        0x0
 .glue_7        0x080025f8        0x0 linker stubs

.glue_7t        0x080025f8        0x0
 .glue_7t       0x080025f8        0x0 linker stubs

.vfp11_veneer   0x080025f8        0x0
 .vfp11_veneer  0x080025f8        0x0 linker stubs

.v4_bx          0x080025f8        0x0
 .v4_bx         0x080025f8        0x0 linker stubs

.iplt           0x080025f8        0x0
 .iplt          0x080025f8        0x0 ..\obj\stm32f30x_rcc.o

.rel.dyn        0x080025f8        0x0
 .rel.iplt      0x080025f8        0x0 ..\obj\stm32f30x_rcc.o

.ARM.extab
 *(.ARM.extab* .gnu.linkonce.armextab.*)
                0x080025f8                __exidx_start = .

.ARM.exidx
 *(.ARM.exidx* .gnu.linkonce.armexidx.*)
                0x080025f8                __exidx_end = .
                0x080025f8                __etext = .
                0x080025f8                _sidata = __etext

.data           0x20000000        0x0 load address 0x080025f8
                0x20000000                __data_start__ = .
                0x20000000                _sdata = __data_start__
 *(vtable)
 *(.data*)
                0x20000000                . = ALIGN (0x4)
                [!provide]                PROVIDE (__preinit_array_start, .)
 *(.preinit_array)
                [!provide]                PROVIDE (__preinit_array_end, .)
                0x20000000                . = ALIGN (0x4)
                [!provide]                PROVIDE (__init_array_start, .)
 *(SORT(.init_array.*))
 *(.init_array)
                [!provide]                PROVIDE (__init_array_end, .)
                0x20000000                . = ALIGN (0x4)
                [!provide]                PROVIDE (__fini_array_start, .)
 *(SORT(.fini_array.*))
 *(.fini_array)
                [!provide]                PROVIDE (__fini_array_end, .)
 *(.jcr*)
                0x20000000                . = ALIGN (0x4)
                0x20000000                __data_end__ = .
                0x20000000                _edata = __data_end__

.igot.plt       0x20000000        0x0
 .igot.plt      0x20000000        0x0 ..\obj\stm32f30x_rcc.o

.bss            0x20000000        0x0
                0x20000000                . = ALIGN (0x4)
                0x20000000                __bss_start__ = .
                0x20000000                _sbss = __bss_start__
 *(.bss*)
 *(COMMON)
                0x20000000                . = ALIGN (0x4)
                0x20000000                __bss_end__ = .
                0x20000000                _ebss = __bss_end__

.heap           0x20000000        0x0
                0x20000000                __end__ = .
                0x20000000                _end = __end__
                0x20000000                end = __end__
 *(.heap*)
                0x20000000                __HeapLimit = .

.co_stack       0x20000000        0x0
                0x20000000                . = ALIGN (0x8)
 *(.co_stack .co_stack.*)
                0x2000a000                __StackTop = (ORIGIN (ram) + LENGTH (ram))
                0x2000a000                __StackLimit = (__StackTop - SIZEOF (.co_stack))
                [!provide]                PROVIDE (__stack, __StackTop)
                0x00000001                ASSERT ((__StackLimit >= __HeapLimit), region ram  overflowed with stack)
LOAD ..\obj\stm32f30x_rcc.o
LOAD ..\obj\stm32f30x_gpio.o
LOAD ..\obj\main.o
LOAD ..\obj\system_stm32f30x_temp.o
LOAD ..\obj\syscalls.o
LOAD ..\obj\startup_stm32f30x.o
LOAD ..\..\..\..\..\..\..\Program Files (x86)\GNU Tools ARM Embedded\5.3 2016q1\arm-none-eabi\lib\armv7e-m\fpu\libm.a
START GROUP
LOAD c:/program files (x86)/gnu tools arm embedded/5.3 2016q1/bin/../lib/gcc/arm-none-eabi/5.3.1/armv7e-m/fpu\libgcc.a
LOAD ..\..\..\..\..\..\..\Program Files (x86)\GNU Tools ARM Embedded\5.3 2016q1\arm-none-eabi\lib\armv7e-m\fpu\libg.a
LOAD ..\..\..\..\..\..\..\Program Files (x86)\GNU Tools ARM Embedded\5.3 2016q1\arm-none-eabi\lib\armv7e-m\fpu\libc.a
END GROUP
OUTPUT(programming_using_registers.elf elf32-littlearm)

.debug_info     0x00000000     0x1a3b
 .debug_info    0x00000000      0xacc ..\obj\stm32f30x_rcc.o
 .debug_info    0x00000acc      0x612 ..\obj\stm32f30x_gpio.o
 .debug_info    0x000010de      0x3c5 ..\obj\main.o
 .debug_info    0x000014a3      0x4bb ..\obj\system_stm32f30x_temp.o
 .debug_info    0x0000195e       0xdd ..\obj\startup_stm32f30x.o

.debug_abbrev   0x00000000      0x64e
 .debug_abbrev  0x00000000      0x1e5 ..\obj\stm32f30x_rcc.o
 .debug_abbrev  0x000001e5      0x198 ..\obj\stm32f30x_gpio.o
 .debug_abbrev  0x0000037d      0x178 ..\obj\main.o
 .debug_abbrev  0x000004f5      0x147 ..\obj\system_stm32f30x_temp.o
 .debug_abbrev  0x0000063c       0x12 ..\obj\startup_stm32f30x.o

.debug_aranges  0x00000000      0x260
 .debug_aranges
                0x00000000      0x150 ..\obj\stm32f30x_rcc.o
 .debug_aranges
                0x00000150       0x80 ..\obj\stm32f30x_gpio.o
 .debug_aranges
                0x000001d0       0x38 ..\obj\main.o
 .debug_aranges
                0x00000208       0x30 ..\obj\system_stm32f30x_temp.o
 .debug_aranges
                0x00000238       0x28 ..\obj\startup_stm32f30x.o

.debug_ranges   0x00000000      0x218
 .debug_ranges  0x00000000      0x140 ..\obj\stm32f30x_rcc.o
 .debug_ranges  0x00000140       0x70 ..\obj\stm32f30x_gpio.o
 .debug_ranges  0x000001b0       0x28 ..\obj\main.o
 .debug_ranges  0x000001d8       0x20 ..\obj\system_stm32f30x_temp.o
 .debug_ranges  0x000001f8       0x20 ..\obj\startup_stm32f30x.o

.debug_line     0x00000000      0xf3a
 .debug_line    0x00000000      0x5f4 ..\obj\stm32f30x_rcc.o
 .debug_line    0x000005f4      0x38f ..\obj\stm32f30x_gpio.o
 .debug_line    0x00000983      0x2dc ..\obj\main.o
 .debug_line    0x00000c5f      0x223 ..\obj\system_stm32f30x_temp.o
 .debug_line    0x00000e82       0xb8 ..\obj\startup_stm32f30x.o

.debug_str      0x00000000      0xc63
 .debug_str     0x00000000      0x79e ..\obj\stm32f30x_rcc.o
                                0x82f (size before relaxing)
 .debug_str     0x0000079e      0x33c ..\obj\stm32f30x_gpio.o
                                0x4da (size before relaxing)
 .debug_str     0x00000ada       0x78 ..\obj\main.o
                                0x3b3 (size before relaxing)
 .debug_str     0x00000b52      0x111 ..\obj\system_stm32f30x_temp.o
                                0x345 (size before relaxing)

.comment        0x00000000       0x6e
 .comment       0x00000000       0x6e ..\obj\stm32f30x_rcc.o
                                 0x6f (size before relaxing)
 .comment       0x0000006e       0x6f ..\obj\stm32f30x_gpio.o
 .comment       0x0000006e       0x6f ..\obj\main.o
 .comment       0x0000006e       0x6f ..\obj\system_stm32f30x_temp.o

.ARM.attributes
                0x00000000       0x37
 .ARM.attributes
                0x00000000       0x39 ..\obj\stm32f30x_rcc.o
 .ARM.attributes
                0x00000039       0x39 ..\obj\stm32f30x_gpio.o
 .ARM.attributes
                0x00000072       0x39 ..\obj\main.o
 .ARM.attributes
                0x000000ab       0x39 ..\obj\system_stm32f30x_temp.o
 .ARM.attributes
                0x000000e4       0x21 ..\obj\startup_stm32f30x.o
 .ARM.attributes
                0x00000105       0x34 ..\..\..\..\..\..\..\Program Files (x86)\GNU Tools ARM Embedded\5.3 2016q1\arm-none-eabi\lib\armv7e-m\fpu\libm.a(lib_a-s_sin.o)
 .ARM.attributes
                0x00000139       0x34 ..\..\..\..\..\..\..\Program Files (x86)\GNU Tools ARM Embedded\5.3 2016q1\arm-none-eabi\lib\armv7e-m\fpu\libm.a(lib_a-e_rem_pio2.o)
 .ARM.attributes
                0x0000016d       0x34 ..\..\..\..\..\..\..\Program Files (x86)\GNU Tools ARM Embedded\5.3 2016q1\arm-none-eabi\lib\armv7e-m\fpu\libm.a(lib_a-k_cos.o)
 .ARM.attributes
                0x000001a1       0x34 ..\..\..\..\..\..\..\Program Files (x86)\GNU Tools ARM Embedded\5.3 2016q1\arm-none-eabi\lib\armv7e-m\fpu\libm.a(lib_a-k_rem_pio2.o)
 .ARM.attributes
                0x000001d5       0x34 ..\..\..\..\..\..\..\Program Files (x86)\GNU Tools ARM Embedded\5.3 2016q1\arm-none-eabi\lib\armv7e-m\fpu\libm.a(lib_a-k_sin.o)
 .ARM.attributes
                0x00000209       0x34 ..\..\..\..\..\..\..\Program Files (x86)\GNU Tools ARM Embedded\5.3 2016q1\arm-none-eabi\lib\armv7e-m\fpu\libm.a(lib_a-s_fabs.o)
 .ARM.attributes
                0x0000023d       0x34 ..\..\..\..\..\..\..\Program Files (x86)\GNU Tools ARM Embedded\5.3 2016q1\arm-none-eabi\lib\armv7e-m\fpu\libm.a(lib_a-s_floor.o)
 .ARM.attributes
                0x00000271       0x34 ..\..\..\..\..\..\..\Program Files (x86)\GNU Tools ARM Embedded\5.3 2016q1\arm-none-eabi\lib\armv7e-m\fpu\libm.a(lib_a-s_scalbn.o)
 .ARM.attributes
                0x000002a5       0x34 ..\..\..\..\..\..\..\Program Files (x86)\GNU Tools ARM Embedded\5.3 2016q1\arm-none-eabi\lib\armv7e-m\fpu\libm.a(lib_a-s_copysign.o)
 .ARM.attributes
                0x000002d9       0x22 c:/program files (x86)/gnu tools arm embedded/5.3 2016q1/bin/../lib/gcc/arm-none-eabi/5.3.1/armv7e-m/fpu\libgcc.a(_arm_addsubdf3.o)
 .ARM.attributes
                0x000002fb       0x22 c:/program files (x86)/gnu tools arm embedded/5.3 2016q1/bin/../lib/gcc/arm-none-eabi/5.3.1/armv7e-m/fpu\libgcc.a(_arm_muldivdf3.o)
 .ARM.attributes
                0x0000031d       0x22 c:/program files (x86)/gnu tools arm embedded/5.3 2016q1/bin/../lib/gcc/arm-none-eabi/5.3.1/armv7e-m/fpu\libgcc.a(_arm_cmpdf2.o)
 .ARM.attributes
                0x0000033f       0x22 c:/program files (x86)/gnu tools arm embedded/5.3 2016q1/bin/../lib/gcc/arm-none-eabi/5.3.1/armv7e-m/fpu\libgcc.a(_arm_fixdfsi.o)
 .ARM.attributes
                0x00000361       0x22 c:/program files (x86)/gnu tools arm embedded/5.3 2016q1/bin/../lib/gcc/arm-none-eabi/5.3.1/armv7e-m/fpu\libgcc.a(_arm_fixunsdfsi.o)

.debug_frame    0x00000000      0xb84
 .debug_frame   0x00000000      0x60c ..\obj\stm32f30x_rcc.o
 .debug_frame   0x0000060c      0x214 ..\obj\stm32f30x_gpio.o
 .debug_frame   0x00000820       0xa8 ..\obj\main.o
 .debug_frame   0x000008c8       0x7c ..\obj\system_stm32f30x_temp.o
 .debug_frame   0x00000944       0x3c ..\..\..\..\..\..\..\Program Files (x86)\GNU Tools ARM Embedded\5.3 2016q1\arm-none-eabi\lib\armv7e-m\fpu\libm.a(lib_a-s_sin.o)
 .debug_frame   0x00000980       0x48 ..\..\..\..\..\..\..\Program Files (x86)\GNU Tools ARM Embedded\5.3 2016q1\arm-none-eabi\lib\armv7e-m\fpu\libm.a(lib_a-e_rem_pio2.o)
 .debug_frame   0x000009c8       0x68 ..\..\..\..\..\..\..\Program Files (x86)\GNU Tools ARM Embedded\5.3 2016q1\arm-none-eabi\lib\armv7e-m\fpu\libm.a(lib_a-k_cos.o)
 .debug_frame   0x00000a30       0x50 ..\..\..\..\..\..\..\Program Files (x86)\GNU Tools ARM Embedded\5.3 2016q1\arm-none-eabi\lib\armv7e-m\fpu\libm.a(lib_a-k_rem_pio2.o)
 .debug_frame   0x00000a80       0x68 ..\..\..\..\..\..\..\Program Files (x86)\GNU Tools ARM Embedded\5.3 2016q1\arm-none-eabi\lib\armv7e-m\fpu\libm.a(lib_a-k_sin.o)
 .debug_frame   0x00000ae8       0x20 ..\..\..\..\..\..\..\Program Files (x86)\GNU Tools ARM Embedded\5.3 2016q1\arm-none-eabi\lib\armv7e-m\fpu\libm.a(lib_a-s_fabs.o)
 .debug_frame   0x00000b08       0x30 ..\..\..\..\..\..\..\Program Files (x86)\GNU Tools ARM Embedded\5.3 2016q1\arm-none-eabi\lib\armv7e-m\fpu\libm.a(lib_a-s_floor.o)
 .debug_frame   0x00000b38       0x2c ..\..\..\..\..\..\..\Program Files (x86)\GNU Tools ARM Embedded\5.3 2016q1\arm-none-eabi\lib\armv7e-m\fpu\libm.a(lib_a-s_scalbn.o)
 .debug_frame   0x00000b64       0x20 ..\..\..\..\..\..\..\Program Files (x86)\GNU Tools ARM Embedded\5.3 2016q1\arm-none-eabi\lib\armv7e-m\fpu\libm.a(lib_a-s_copysign.o)
