Archive member included to satisfy reference by file (symbol)

c:/program files (x86)/gnu tools arm embedded/5.3 2016q1/bin/../lib/gcc/arm-none-eabi/5.3.1/../../../../arm-none-eabi/lib/armv7e-m/fpu\libg.a(lib_a-memcpy.o)
                              ..\obj\queue.o (memcpy)
c:/program files (x86)/gnu tools arm embedded/5.3 2016q1/bin/../lib/gcc/arm-none-eabi/5.3.1/../../../../arm-none-eabi/lib/armv7e-m/fpu\libg.a(lib_a-memset.o)
                              ..\obj\tasks.o (memset)

Allocating common symbols
Common symbol       size              file

xQueueRegistry      0x40              ..\obj\queue.o

Discarded input sections

 .text          0x00000000        0x0 ..\obj\stm32f30x_rcc.o
 .data          0x00000000       0x2a ..\obj\stm32f30x_rcc.o
 .bss           0x00000000        0x0 ..\obj\stm32f30x_rcc.o
 .text.RCC_DeInit
                0x00000000       0x7c ..\obj\stm32f30x_rcc.o
 .text.RCC_HSEConfig
                0x00000000       0x28 ..\obj\stm32f30x_rcc.o
 .text.RCC_WaitForHSEStartUp
                0x00000000       0x50 ..\obj\stm32f30x_rcc.o
 .text.RCC_AdjustHSICalibrationValue
                0x00000000       0x3c ..\obj\stm32f30x_rcc.o
 .text.RCC_HSICmd
                0x00000000       0x20 ..\obj\stm32f30x_rcc.o
 .text.RCC_LSEConfig
                0x00000000       0x3c ..\obj\stm32f30x_rcc.o
 .text.RCC_LSEDriveConfig
                0x00000000       0x30 ..\obj\stm32f30x_rcc.o
 .text.RCC_LSICmd
                0x00000000       0x20 ..\obj\stm32f30x_rcc.o
 .text.RCC_PLLConfig
                0x00000000       0x38 ..\obj\stm32f30x_rcc.o
 .text.RCC_PLLCmd
                0x00000000       0x20 ..\obj\stm32f30x_rcc.o
 .text.RCC_PREDIV1Config
                0x00000000       0x38 ..\obj\stm32f30x_rcc.o
 .text.RCC_ClockSecuritySystemCmd
                0x00000000       0x20 ..\obj\stm32f30x_rcc.o
 .text.RCC_MCOConfig
                0x00000000       0x20 ..\obj\stm32f30x_rcc.o
 .text.RCC_SYSCLKConfig
                0x00000000       0x38 ..\obj\stm32f30x_rcc.o
 .text.RCC_GetSYSCLKSource
                0x00000000       0x20 ..\obj\stm32f30x_rcc.o
 .text.RCC_HCLKConfig
                0x00000000       0x38 ..\obj\stm32f30x_rcc.o
 .text.RCC_PCLK1Config
                0x00000000       0x38 ..\obj\stm32f30x_rcc.o
 .text.RCC_PCLK2Config
                0x00000000       0x3c ..\obj\stm32f30x_rcc.o
 .text.RCC_GetClocksFreq
                0x00000000      0x418 ..\obj\stm32f30x_rcc.o
 .text.RCC_ADCCLKConfig
                0x00000000       0x50 ..\obj\stm32f30x_rcc.o
 .text.RCC_I2CCLKConfig
                0x00000000       0x50 ..\obj\stm32f30x_rcc.o
 .text.RCC_TIMCLKConfig
                0x00000000       0x50 ..\obj\stm32f30x_rcc.o
 .text.RCC_USARTCLKConfig
                0x00000000       0x98 ..\obj\stm32f30x_rcc.o
 .text.RCC_USBCLKConfig
                0x00000000       0x20 ..\obj\stm32f30x_rcc.o
 .text.RCC_RTCCLKConfig
                0x00000000       0x24 ..\obj\stm32f30x_rcc.o
 .text.RCC_I2SCLKConfig
                0x00000000       0x20 ..\obj\stm32f30x_rcc.o
 .text.RCC_RTCCLKCmd
                0x00000000       0x20 ..\obj\stm32f30x_rcc.o
 .text.RCC_BackupResetCmd
                0x00000000       0x20 ..\obj\stm32f30x_rcc.o
 .text.RCC_APB2PeriphClockCmd
                0x00000000       0x40 ..\obj\stm32f30x_rcc.o
 .text.RCC_APB1PeriphClockCmd
                0x00000000       0x40 ..\obj\stm32f30x_rcc.o
 .text.RCC_AHBPeriphResetCmd
                0x00000000       0x40 ..\obj\stm32f30x_rcc.o
 .text.RCC_APB2PeriphResetCmd
                0x00000000       0x40 ..\obj\stm32f30x_rcc.o
 .text.RCC_APB1PeriphResetCmd
                0x00000000       0x40 ..\obj\stm32f30x_rcc.o
 .text.RCC_ITConfig
                0x00000000       0x4c ..\obj\stm32f30x_rcc.o
 .text.RCC_GetFlagStatus
                0x00000000       0x84 ..\obj\stm32f30x_rcc.o
 .text.RCC_ClearFlag
                0x00000000       0x20 ..\obj\stm32f30x_rcc.o
 .text.RCC_GetITStatus
                0x00000000       0x38 ..\obj\stm32f30x_rcc.o
 .text.RCC_ClearITPendingBit
                0x00000000       0x20 ..\obj\stm32f30x_rcc.o
 .text          0x00000000        0x0 ..\obj\stm32f30x_gpio.o
 .data          0x00000000        0x0 ..\obj\stm32f30x_gpio.o
 .bss           0x00000000        0x0 ..\obj\stm32f30x_gpio.o
 .text.GPIO_DeInit
                0x00000000       0xd8 ..\obj\stm32f30x_gpio.o
 .text.GPIO_StructInit
                0x00000000       0x34 ..\obj\stm32f30x_gpio.o
 .text.GPIO_PinLockConfig
                0x00000000       0x44 ..\obj\stm32f30x_gpio.o
 .text.GPIO_ReadInputData
                0x00000000       0x1c ..\obj\stm32f30x_gpio.o
 .text.GPIO_ReadOutputDataBit
                0x00000000       0x38 ..\obj\stm32f30x_gpio.o
 .text.GPIO_ReadOutputData
                0x00000000       0x1c ..\obj\stm32f30x_gpio.o
 .text.GPIO_SetBits
                0x00000000       0x20 ..\obj\stm32f30x_gpio.o
 .text.GPIO_ResetBits
                0x00000000       0x20 ..\obj\stm32f30x_gpio.o
 .text.GPIO_WriteBit
                0x00000000       0x30 ..\obj\stm32f30x_gpio.o
 .text.GPIO_Write
                0x00000000       0x20 ..\obj\stm32f30x_gpio.o
 .text.GPIO_PinAFConfig
                0x00000000       0x94 ..\obj\stm32f30x_gpio.o
 .text          0x00000000        0x0 ..\obj\main.o
 .data          0x00000000        0x0 ..\obj\main.o
 .bss           0x00000000        0x0 ..\obj\main.o
 .text          0x00000000        0x0 ..\obj\timers.o
 .data          0x00000000        0x0 ..\obj\timers.o
 .text.xTimerCreate
                0x00000000       0x44 ..\obj\timers.o
 .text.prvInitialiseNewTimer
                0x00000000       0x70 ..\obj\timers.o
 .text.xTimerGenericCommandFromTask
                0x00000000       0xa0 ..\obj\timers.o
 .text.xTimerGenericCommandFromISR
                0x00000000       0x80 ..\obj\timers.o
 .text.xTimerGetTimerDaemonTaskHandle
                0x00000000       0x38 ..\obj\timers.o
 .text.xTimerGetPeriod
                0x00000000       0x38 ..\obj\timers.o
 .text.vTimerSetReloadMode
                0x00000000       0x64 ..\obj\timers.o
 .text.xTimerGetReloadMode
                0x00000000       0x50 ..\obj\timers.o
 .text.uxTimerGetReloadMode
                0x00000000       0x1c ..\obj\timers.o
 .text.xTimerGetExpiryTime
                0x00000000       0x3c ..\obj\timers.o
 .text.pcTimerGetName
                0x00000000       0x38 ..\obj\timers.o
 .text.xTimerIsTimerActive
                0x00000000       0x50 ..\obj\timers.o
 .text.pvTimerGetTimerID
                0x00000000       0x40 ..\obj\timers.o
 .text.vTimerSetTimerID
                0x00000000       0x40 ..\obj\timers.o
 .text.uxTimerGetTimerNumber
                0x00000000       0x18 ..\obj\timers.o
 .text.vTimerSetTimerNumber
                0x00000000       0x1c ..\obj\timers.o
 .text.vTimerResetState
                0x00000000       0x24 ..\obj\timers.o
 .text          0x00000000        0x0 ..\obj\tasks.o
 .text.vTaskDelete
                0x00000000      0x140 ..\obj\tasks.o
 .text.xTaskDelayUntil
                0x00000000       0xf8 ..\obj\tasks.o
 .text.eTaskGetState
                0x00000000      0x10c ..\obj\tasks.o
 .text.uxTaskPriorityGet
                0x00000000       0x34 ..\obj\tasks.o
 .text.uxTaskPriorityGetFromISR
                0x00000000       0x58 ..\obj\tasks.o
 .text.uxTaskBasePriorityGet
                0x00000000       0x34 ..\obj\tasks.o
 .text.uxTaskBasePriorityGetFromISR
                0x00000000       0x58 ..\obj\tasks.o
 .text.vTaskPrioritySet
                0x00000000      0x1b0 ..\obj\tasks.o
 .text.vTaskSuspend
                0x00000000      0x140 ..\obj\tasks.o
 .text.prvTaskIsTaskSuspended
                0x00000000       0x88 ..\obj\tasks.o
 .text.vTaskResume
                0x00000000      0x10c ..\obj\tasks.o
 .text.xTaskResumeFromISR
                0x00000000      0x13c ..\obj\tasks.o
 .text.vTaskEndScheduler
                0x00000000       0x64 ..\obj\tasks.o
 .text.xTaskGetTickCountFromISR
                0x00000000       0x24 ..\obj\tasks.o
 .text.uxTaskGetNumberOfTasks
                0x00000000       0x18 ..\obj\tasks.o
 .text.pcTaskGetName
                0x00000000       0x48 ..\obj\tasks.o
 .text.uxTaskGetSystemState
                0x00000000      0x11c ..\obj\tasks.o
 .text.xTaskCatchUpTicks
                0x00000000       0x54 ..\obj\tasks.o
 .text.vTaskPlaceOnUnorderedEventList
                0x00000000       0xa8 ..\obj\tasks.o
 .text.vTaskRemoveFromUnorderedEventList
                0x00000000      0x180 ..\obj\tasks.o
 .text.vTaskSetTimeOutState
                0x00000000       0x4c ..\obj\tasks.o
 .text.uxTaskGetTaskNumber
                0x00000000       0x2c ..\obj\tasks.o
 .text.vTaskSetTaskNumber
                0x00000000       0x28 ..\obj\tasks.o
 .text.vTaskGetInfo
                0x00000000      0x110 ..\obj\tasks.o
 .text.prvListTasksWithinSingleList
                0x00000000       0x6c ..\obj\tasks.o
 .text.prvTaskCheckFreeStackSpace
                0x00000000       0x38 ..\obj\tasks.o
 .text.xTaskGetCurrentTaskHandle
                0x00000000       0x20 ..\obj\tasks.o
 .text.xTaskGetCurrentTaskHandleForCore
                0x00000000       0x30 ..\obj\tasks.o
 .text.xTaskPriorityInherit
                0x00000000      0x140 ..\obj\tasks.o
 .text.xTaskPriorityDisinherit
                0x00000000      0x148 ..\obj\tasks.o
 .text.vTaskPriorityDisinheritAfterTimeout
                0x00000000      0x170 ..\obj\tasks.o
 .text.uxTaskResetEventItemValue
                0x00000000       0x30 ..\obj\tasks.o
 .text.pvTaskIncrementMutexHeldCount
                0x00000000       0x30 ..\obj\tasks.o
 .text.ulTaskGenericNotifyTake
                0x00000000       0xf0 ..\obj\tasks.o
 .text.xTaskGenericNotifyWait
                0x00000000      0x120 ..\obj\tasks.o
 .text.xTaskGenericNotify
                0x00000000      0x240 ..\obj\tasks.o
 .text.xTaskGenericNotifyFromISR
                0x00000000      0x2b0 ..\obj\tasks.o
 .text.vTaskGenericNotifyGiveFromISR
                0x00000000      0x208 ..\obj\tasks.o
 .text.xTaskGenericNotifyStateClear
                0x00000000       0x70 ..\obj\tasks.o
 .text.ulTaskGenericNotifyValueClear
                0x00000000       0x74 ..\obj\tasks.o
 .text.vTaskResetState
                0x00000000       0xa0 ..\obj\tasks.o
 .text          0x00000000        0x0 ..\obj\system_stm32f30x_temp.o
 .bss           0x00000000        0x0 ..\obj\system_stm32f30x_temp.o
 .text.SystemCoreClockUpdate1
                0x00000000       0xd8 ..\obj\system_stm32f30x_temp.o
 .text          0x00000000        0x0 ..\obj\list.o
 .data          0x00000000        0x0 ..\obj\list.o
 .bss           0x00000000        0x0 ..\obj\list.o
 .text.vListInsertEnd
                0x00000000       0x48 ..\obj\list.o
 .text          0x00000000        0x0 ..\obj\port.o
 .rodata        0x00000000        0x4 ..\obj\port.o
 .text.vPortEndScheduler
                0x00000000       0x34 ..\obj\port.o
 .text.vPortValidateInterruptPriority
                0x00000000       0x7c ..\obj\port.o
 .text          0x00000000        0x0 ..\obj\queue.o
 .data          0x00000000        0x0 ..\obj\queue.o
 .bss           0x00000000        0x0 ..\obj\queue.o
 .text.prvInitialiseMutex
                0x00000000       0x34 ..\obj\queue.o
 .text.xQueueCreateMutex
                0x00000000       0x30 ..\obj\queue.o
 .text.xQueueGiveMutexRecursive
                0x00000000       0x68 ..\obj\queue.o
 .text.xQueueTakeMutexRecursive
                0x00000000       0x6c ..\obj\queue.o
 .text.xQueueCreateCountingSemaphore
                0x00000000       0x5c ..\obj\queue.o
 .text.xQueueGenericSend
                0x00000000      0x1f4 ..\obj\queue.o
 .text.xQueueGenericSendFromISR
                0x00000000      0x15c ..\obj\queue.o
 .text.xQueueGiveFromISR
                0x00000000      0x140 ..\obj\queue.o
 .text.xQueueSemaphoreTake
                0x00000000      0x1f4 ..\obj\queue.o
 .text.xQueuePeek
                0x00000000      0x1bc ..\obj\queue.o
 .text.xQueueReceiveFromISR
                0x00000000      0x128 ..\obj\queue.o
 .text.xQueuePeekFromISR
                0x00000000       0xcc ..\obj\queue.o
 .text.uxQueueMessagesWaiting
                0x00000000       0x3c ..\obj\queue.o
 .text.uxQueueSpacesAvailable
                0x00000000       0x44 ..\obj\queue.o
 .text.uxQueueMessagesWaitingFromISR
                0x00000000       0x3c ..\obj\queue.o
 .text.vQueueDelete
                0x00000000       0x3c ..\obj\queue.o
 .text.uxQueueGetQueueNumber
                0x00000000       0x18 ..\obj\queue.o
 .text.vQueueSetQueueNumber
                0x00000000       0x1c ..\obj\queue.o
 .text.ucQueueGetQueueType
                0x00000000       0x1c ..\obj\queue.o
 .text.uxQueueGetQueueItemSize
                0x00000000       0x18 ..\obj\queue.o
 .text.uxQueueGetQueueLength
                0x00000000       0x18 ..\obj\queue.o
 .text.prvGetDisinheritPriorityAfterTimeout
                0x00000000       0x30 ..\obj\queue.o
 .text.prvCopyDataToQueue
                0x00000000       0xd4 ..\obj\queue.o
 .text.xQueueIsQueueEmptyFromISR
                0x00000000       0x48 ..\obj\queue.o
 .text.prvIsQueueFull
                0x00000000       0x30 ..\obj\queue.o
 .text.xQueueIsQueueFullFromISR
                0x00000000       0x4c ..\obj\queue.o
 .text.pcQueueGetName
                0x00000000       0x68 ..\obj\queue.o
 .text.vQueueUnregisterQueue
                0x00000000       0x6c ..\obj\queue.o
 .text          0x00000000       0x14 ..\obj\startup_stm32f30x.o
 .data          0x00000000        0x0 ..\obj\startup_stm32f30x.o
 .bss           0x00000000        0x0 ..\obj\startup_stm32f30x.o
 .text          0x00000000        0x0 ..\obj\stream_buffer.o
 .data          0x00000000        0x0 ..\obj\stream_buffer.o
 .bss           0x00000000        0x0 ..\obj\stream_buffer.o
 .text.xStreamBufferGenericCreate
                0x00000000       0xf4 ..\obj\stream_buffer.o
 .text.vStreamBufferDelete
                0x00000000       0x4c ..\obj\stream_buffer.o
 .text.xStreamBufferReset
                0x00000000       0x88 ..\obj\stream_buffer.o
 .text.xStreamBufferResetFromISR
                0x00000000       0xa8 ..\obj\stream_buffer.o
 .text.xStreamBufferSetTriggerLevel
                0x00000000       0x5c ..\obj\stream_buffer.o
 .text.xStreamBufferSpacesAvailable
                0x00000000       0x74 ..\obj\stream_buffer.o
 .text.xStreamBufferBytesAvailable
                0x00000000       0x38 ..\obj\stream_buffer.o
 .text.xStreamBufferSend
                0x00000000      0x19c ..\obj\stream_buffer.o
 .text.xStreamBufferSendFromISR
                0x00000000       0xe4 ..\obj\stream_buffer.o
 .text.prvWriteMessageToBuffer
                0x00000000       0x90 ..\obj\stream_buffer.o
 .text.xStreamBufferReceive
                0x00000000      0x148 ..\obj\stream_buffer.o
 .text.xStreamBufferNextMessageLengthBytes
                0x00000000       0x84 ..\obj\stream_buffer.o
 .text.xStreamBufferReceiveFromISR
                0x00000000       0xdc ..\obj\stream_buffer.o
 .text.prvReadMessageFromBuffer
                0x00000000       0x7c ..\obj\stream_buffer.o
 .text.xStreamBufferIsEmpty
                0x00000000       0x50 ..\obj\stream_buffer.o
 .text.xStreamBufferIsFull
                0x00000000       0x60 ..\obj\stream_buffer.o
 .text.xStreamBufferSendCompletedFromISR
                0x00000000       0x88 ..\obj\stream_buffer.o
 .text.xStreamBufferReceiveCompletedFromISR
                0x00000000       0x88 ..\obj\stream_buffer.o
 .text.prvWriteBytesToBuffer
                0x00000000       0xd4 ..\obj\stream_buffer.o
 .text.prvReadBytesFromBuffer
                0x00000000       0xd0 ..\obj\stream_buffer.o
 .text.prvBytesInBuffer
                0x00000000       0x40 ..\obj\stream_buffer.o
 .text.prvInitialiseNewStreamBuffer
                0x00000000       0x68 ..\obj\stream_buffer.o
 .text.uxStreamBufferGetStreamBufferNotificationIndex
                0x00000000       0x38 ..\obj\stream_buffer.o
 .text.vStreamBufferSetStreamBufferNotificationIndex
                0x00000000       0x8c ..\obj\stream_buffer.o
 .text.uxStreamBufferGetStreamBufferNumber
                0x00000000       0x18 ..\obj\stream_buffer.o
 .text.vStreamBufferSetStreamBufferNumber
                0x00000000       0x1c ..\obj\stream_buffer.o
 .text.ucStreamBufferGetStreamBufferType
                0x00000000       0x20 ..\obj\stream_buffer.o
 .debug_info    0x00000000     0x14de ..\obj\stream_buffer.o
 .debug_abbrev  0x00000000      0x207 ..\obj\stream_buffer.o
 .debug_aranges
                0x00000000       0xf0 ..\obj\stream_buffer.o
 .debug_ranges  0x00000000       0xe0 ..\obj\stream_buffer.o
 .debug_line    0x00000000      0x926 ..\obj\stream_buffer.o
 .debug_str     0x00000000      0x8dd ..\obj\stream_buffer.o
 .comment       0x00000000       0x6f ..\obj\stream_buffer.o
 .debug_frame   0x00000000      0x41c ..\obj\stream_buffer.o
 .ARM.attributes
                0x00000000       0x39 ..\obj\stream_buffer.o
 .text          0x00000000        0x0 ..\obj\croutine.o
 .data          0x00000000        0x0 ..\obj\croutine.o
 .bss           0x00000000        0x0 ..\obj\croutine.o
 .debug_info    0x00000000       0x9c ..\obj\croutine.o
 .debug_abbrev  0x00000000       0x49 ..\obj\croutine.o
 .debug_aranges
                0x00000000       0x18 ..\obj\croutine.o
 .debug_line    0x00000000      0x115 ..\obj\croutine.o
 .debug_str     0x00000000      0x190 ..\obj\croutine.o
 .comment       0x00000000       0x6f ..\obj\croutine.o
 .ARM.attributes
                0x00000000       0x39 ..\obj\croutine.o
 .text          0x00000000        0x0 ..\obj\event_groups.o
 .data          0x00000000        0x0 ..\obj\event_groups.o
 .bss           0x00000000        0x0 ..\obj\event_groups.o
 .text.xEventGroupCreate
                0x00000000       0x30 ..\obj\event_groups.o
 .text.xEventGroupSync
                0x00000000      0x158 ..\obj\event_groups.o
 .text.xEventGroupWaitBits
                0x00000000      0x194 ..\obj\event_groups.o
 .text.xEventGroupClearBits
                0x00000000       0x6c ..\obj\event_groups.o
 .text.xEventGroupGetBitsFromISR
                0x00000000       0x48 ..\obj\event_groups.o
 .text.xEventGroupSetBits
                0x00000000      0x114 ..\obj\event_groups.o
 .text.vEventGroupDelete
                0x00000000       0x7c ..\obj\event_groups.o
 .text.vEventGroupSetBitsCallback
                0x00000000       0x1c ..\obj\event_groups.o
 .text.vEventGroupClearBitsCallback
                0x00000000       0x1c ..\obj\event_groups.o
 .text.prvTestWaitCondition
                0x00000000       0x44 ..\obj\event_groups.o
 .text.uxEventGroupGetNumber
                0x00000000       0x2c ..\obj\event_groups.o
 .text.vEventGroupSetNumber
                0x00000000       0x1c ..\obj\event_groups.o
 .debug_info    0x00000000      0x95b ..\obj\event_groups.o
 .debug_abbrev  0x00000000      0x1f9 ..\obj\event_groups.o
 .debug_aranges
                0x00000000       0x78 ..\obj\event_groups.o
 .debug_ranges  0x00000000       0x68 ..\obj\event_groups.o
 .debug_line    0x00000000      0x487 ..\obj\event_groups.o
 .debug_str     0x00000000      0x5a3 ..\obj\event_groups.o
 .comment       0x00000000       0x6f ..\obj\event_groups.o
 .debug_frame   0x00000000      0x1d0 ..\obj\event_groups.o
 .ARM.attributes
                0x00000000       0x39 ..\obj\event_groups.o
 .text          0x00000000        0x0 ..\obj\heap_2.o
 .rodata        0x00000000        0x4 ..\obj\heap_2.o
 .text.xPortGetFreeHeapSize
                0x00000000       0x18 ..\obj\heap_2.o
 .text.vPortInitialiseBlocks
                0x00000000       0x10 ..\obj\heap_2.o
 .text.pvPortCalloc
                0x00000000       0x60 ..\obj\heap_2.o
 .text.vPortHeapResetState
                0x00000000       0x24 ..\obj\heap_2.o
 .data          0x00000000        0x0 c:/program files (x86)/gnu tools arm embedded/5.3 2016q1/bin/../lib/gcc/arm-none-eabi/5.3.1/../../../../arm-none-eabi/lib/armv7e-m/fpu\libg.a(lib_a-memcpy.o)
 .bss           0x00000000        0x0 c:/program files (x86)/gnu tools arm embedded/5.3 2016q1/bin/../lib/gcc/arm-none-eabi/5.3.1/../../../../arm-none-eabi/lib/armv7e-m/fpu\libg.a(lib_a-memcpy.o)
 .text          0x00000000        0x0 c:/program files (x86)/gnu tools arm embedded/5.3 2016q1/bin/../lib/gcc/arm-none-eabi/5.3.1/../../../../arm-none-eabi/lib/armv7e-m/fpu\libg.a(lib_a-memset.o)
 .data          0x00000000        0x0 c:/program files (x86)/gnu tools arm embedded/5.3 2016q1/bin/../lib/gcc/arm-none-eabi/5.3.1/../../../../arm-none-eabi/lib/armv7e-m/fpu\libg.a(lib_a-memset.o)
 .bss           0x00000000        0x0 c:/program files (x86)/gnu tools arm embedded/5.3 2016q1/bin/../lib/gcc/arm-none-eabi/5.3.1/../../../../arm-none-eabi/lib/armv7e-m/fpu\libg.a(lib_a-memset.o)

Memory Configuration

Name             Origin             Length             Attributes
rom              0x08000000         0x00040000         xr
ram              0x20000000         0x0000a000         xrw
ram1             0x10000000         0x00002000         xrw
*default*        0x00000000         0xffffffff

Linker script and memory map

                0x2000a000                _eram = 0x2000a000

.text           0x08000000     0x2bed
 *(.isr_vector)
 .isr_vector    0x08000000      0x188 ..\obj\startup_stm32f30x.o
                0x08000000                g_pfnVectors
 *(.text*)
 .text.RCC_AHBPeriphClockCmd
                0x08000188       0x40 ..\obj\stm32f30x_rcc.o
                0x08000188                RCC_AHBPeriphClockCmd
 .text.GPIO_Init
                0x080001c8      0x130 ..\obj\stm32f30x_gpio.o
                0x080001c8                GPIO_Init
 .text.GPIO_ReadInputDataBit
                0x080002f8       0x38 ..\obj\stm32f30x_gpio.o
                0x080002f8                GPIO_ReadInputDataBit
 .text.Port_Init
                0x08000330       0x64 ..\obj\main.o
                0x08000330                Port_Init
 .text.LED      0x08000394       0x1c ..\obj\main.o
                0x08000394                LED
 .text.ClickCounter
                0x080003b0       0x24 ..\obj\main.o
                0x080003b0                ClickCounter
 .text.ButtonScan
                0x080003d4       0x4c ..\obj\main.o
                0x080003d4                ButtonScan
 .text.main     0x08000420       0x7c ..\obj\main.o
                0x08000420                main
 .text.vApplicationIdleHook
                0x0800049c       0x10 ..\obj\main.o
                0x0800049c                vApplicationIdleHook
 .text.vApplicationMallocFailedHook
                0x080004ac        0x8 ..\obj\main.o
                0x080004ac                vApplicationMallocFailedHook
 .text.vApplicationStackOverflowHook
                0x080004b4        0xc ..\obj\main.o
                0x080004b4                vApplicationStackOverflowHook
 .text.vApplicationTickHook
                0x080004c0       0x10 ..\obj\main.o
                0x080004c0                vApplicationTickHook
 .text.xTimerCreateTimerTask
                0x080004d0       0x64 ..\obj\timers.o
                0x080004d0                xTimerCreateTimerTask
 .text.prvReloadTimer
                0x08000534       0x40 ..\obj\timers.o
 .text.prvProcessExpiredTimer
                0x08000574       0x60 ..\obj\timers.o
 .text.prvTimerTask
                0x080005d4       0x24 ..\obj\timers.o
 .text.prvProcessTimerOrBlockTask
                0x080005f8       0x9c ..\obj\timers.o
 .text.prvGetNextExpireTime
                0x08000694       0x48 ..\obj\timers.o
 .text.prvSampleTimeNow
                0x080006dc       0x40 ..\obj\timers.o
 .text.prvInsertTimerInActiveList
                0x0800071c       0x84 ..\obj\timers.o
 .text.prvProcessReceivedCommands
                0x080007a0      0x184 ..\obj\timers.o
 .text.prvSwitchTimerLists
                0x08000924       0x4c ..\obj\timers.o
 .text.prvCheckForValidListAndQueue
                0x08000970       0x6c ..\obj\timers.o
 .text.prvCreateTask
                0x080009dc       0x78 ..\obj\tasks.o
 .text.xTaskCreate
                0x08000a54       0x48 ..\obj\tasks.o
                0x08000a54                xTaskCreate
 .text.prvInitialiseNewTask
                0x08000a9c      0x118 ..\obj\tasks.o
 .text.prvAddNewTaskToReadyList
                0x08000bb4      0x130 ..\obj\tasks.o
 .text.vTaskDelay
                0x08000ce4       0x68 ..\obj\tasks.o
                0x08000ce4                vTaskDelay
 .text.prvCreateIdleTasks
                0x08000d4c       0x98 ..\obj\tasks.o
 .text.vTaskStartScheduler
                0x08000de4       0x84 ..\obj\tasks.o
                0x08000de4                vTaskStartScheduler
 .text.vTaskSuspendAll
                0x08000e68       0x1c ..\obj\tasks.o
                0x08000e68                vTaskSuspendAll
 .text.xTaskResumeAll
                0x08000e84      0x20c ..\obj\tasks.o
                0x08000e84                xTaskResumeAll
 .text.xTaskGetTickCount
                0x08001090       0x20 ..\obj\tasks.o
                0x08001090                xTaskGetTickCount
 .text.xTaskIncrementTick
                0x080010b0      0x240 ..\obj\tasks.o
                0x080010b0                xTaskIncrementTick
 .text.vTaskSwitchContext
                0x080012f0      0x104 ..\obj\tasks.o
                0x080012f0                vTaskSwitchContext
 .text.vTaskPlaceOnEventList
                0x080013f4       0x48 ..\obj\tasks.o
                0x080013f4                vTaskPlaceOnEventList
 .text.vTaskPlaceOnEventListRestricted
                0x0800143c       0x88 ..\obj\tasks.o
                0x0800143c                vTaskPlaceOnEventListRestricted
 .text.xTaskRemoveFromEventList
                0x080014c4      0x1b0 ..\obj\tasks.o
                0x080014c4                xTaskRemoveFromEventList
 .text.vTaskInternalSetTimeOutState
                0x08001674       0x2c ..\obj\tasks.o
                0x08001674                vTaskInternalSetTimeOutState
 .text.xTaskCheckForTimeOut
                0x080016a0       0xc8 ..\obj\tasks.o
                0x080016a0                xTaskCheckForTimeOut
 .text.vTaskMissedYield
                0x08001768       0x18 ..\obj\tasks.o
                0x08001768                vTaskMissedYield
 .text.prvIdleTask
                0x08001780       0x34 ..\obj\tasks.o
 .text.prvInitialiseTaskLists
                0x080017b4       0x80 ..\obj\tasks.o
 .text.prvCheckTasksWaitingTermination
                0x08001834       0x58 ..\obj\tasks.o
 .text.prvDeleteTCB
                0x0800188c       0x20 ..\obj\tasks.o
 .text.prvResetNextTaskUnblockTime
                0x080018ac       0x38 ..\obj\tasks.o
 .text.xTaskGetSchedulerState
                0x080018e4       0x3c ..\obj\tasks.o
                0x080018e4                xTaskGetSchedulerState
 .text.prvAddCurrentTaskToDelayedList
                0x08001920      0x104 ..\obj\tasks.o
 .text.SystemInit1
                0x08001a24       0x94 ..\obj\system_stm32f30x_temp.o
                0x08001a24                SystemInit
                0x08001a24                SystemInit1
 .text.SetSysClock1
                0x08001ab8       0xe4 ..\obj\system_stm32f30x_temp.o
                0x08001ab8                SetSysClock
 .text.vListInitialise
                0x08001b9c       0x40 ..\obj\list.o
                0x08001b9c                vListInitialise
 .text.vListInitialiseItem
                0x08001bdc       0x1c ..\obj\list.o
                0x08001bdc                vListInitialiseItem
 .text.vListInsert
                0x08001bf8       0x74 ..\obj\list.o
                0x08001bf8                vListInsert
 .text.uxListRemove
                0x08001c6c       0x54 ..\obj\list.o
                0x08001c6c                uxListRemove
 .text.pxPortInitialiseStack
                0x08001cc0       0x68 ..\obj\port.o
                0x08001cc0                pxPortInitialiseStack
 .text.prvTaskExitError
                0x08001d28       0x54 ..\obj\port.o
 *fill*         0x08001d7c        0x4 
 .text.SVC_Handler
                0x08001d80       0x28 ..\obj\port.o
                0x08001d80                SVC_Handler
 .text.prvPortStartFirstTask
                0x08001da8       0x2c ..\obj\port.o
 .text.xPortStartScheduler
                0x08001dd4      0x1c4 ..\obj\port.o
                0x08001dd4                xPortStartScheduler
 .text.vPortEnterCritical
                0x08001f98       0x5c ..\obj\port.o
                0x08001f98                vPortEnterCritical
 .text.vPortExitCritical
                0x08001ff4       0x50 ..\obj\port.o
                0x08001ff4                vPortExitCritical
 *fill*         0x08002044        0xc 
 .text.PendSV_Handler
                0x08002050       0x68 ..\obj\port.o
                0x08002050                PendSV_Handler
 .text.SysTick_Handler
                0x080020b8       0x40 ..\obj\port.o
                0x080020b8                SysTick_Handler
 .text.vPortSetupTimerInterrupt
                0x080020f8       0x48 ..\obj\port.o
                0x080020f8                vPortSetupTimerInterrupt
 .text.vPortEnableVFP
                0x08002140       0x18 ..\obj\port.o
 .text.xQueueGenericReset
                0x08002158      0x114 ..\obj\queue.o
                0x08002158                xQueueGenericReset
 .text.xQueueGenericCreate
                0x0800226c       0x94 ..\obj\queue.o
                0x0800226c                xQueueGenericCreate
 .text.prvInitialiseNewQueue
                0x08002300       0x48 ..\obj\queue.o
 .text.xQueueReceive
                0x08002348      0x1b8 ..\obj\queue.o
                0x08002348                xQueueReceive
 .text.prvCopyDataFromQueue
                0x08002500       0x4c ..\obj\queue.o
 .text.prvUnlockQueue
                0x0800254c       0xa4 ..\obj\queue.o
 .text.prvIsQueueEmpty
                0x080025f0       0x2c ..\obj\queue.o
 .text.vQueueAddToRegistry
                0x0800261c       0x9c ..\obj\queue.o
                0x0800261c                vQueueAddToRegistry
 .text.vQueueWaitForMessageRestricted
                0x080026b8       0x68 ..\obj\queue.o
                0x080026b8                vQueueWaitForMessageRestricted
 .text.Reset_Handler
                0x08002720       0x44 ..\obj\startup_stm32f30x.o
                0x08002720                Reset_Handler
 .text.Default_Handler
                0x08002764        0x2 ..\obj\startup_stm32f30x.o
                0x08002764                RTC_Alarm_IRQHandler
                0x08002764                TIM8_TRG_COM_IRQHandler
                0x08002764                TIM8_CC_IRQHandler
                0x08002764                DebugMon_Handler
                0x08002764                TIM1_CC_IRQHandler
                0x08002764                HardFault_Handler
                0x08002764                USB_HP_IRQHandler
                0x08002764                PVD_IRQHandler
                0x08002764                NMI_Handler
                0x08002764                EXTI3_IRQHandler
                0x08002764                EXTI0_IRQHandler
                0x08002764                I2C2_EV_IRQHandler
                0x08002764                FPU_IRQHandler
                0x08002764                EXTI2_TS_IRQHandler
                0x08002764                TIM1_UP_TIM16_IRQHandler
                0x08002764                UsageFault_Handler
                0x08002764                ADC1_2_IRQHandler
                0x08002764                SPI1_IRQHandler
                0x08002764                TIM6_DAC_IRQHandler
                0x08002764                TIM8_UP_IRQHandler
                0x08002764                DMA2_Channel2_IRQHandler
                0x08002764                DMA1_Channel4_IRQHandler
                0x08002764                USART3_IRQHandler
                0x08002764                DMA1_Channel7_IRQHandler
                0x08002764                CAN1_RX1_IRQHandler
                0x08002764                UART5_IRQHandler
                0x08002764                ADC3_IRQHandler
                0x08002764                TIM4_IRQHandler
                0x08002764                DMA2_Channel1_IRQHandler
                0x08002764                I2C1_EV_IRQHandler
                0x08002764                DMA1_Channel6_IRQHandler
                0x08002764                UART4_IRQHandler
                0x08002764                DMA2_Channel4_IRQHandler
                0x08002764                TIM3_IRQHandler
                0x08002764                RCC_IRQHandler
                0x08002764                DMA1_Channel1_IRQHandler
                0x08002764                Default_Handler
                0x08002764                USBWakeUp_RMP_IRQHandler
                0x08002764                EXTI15_10_IRQHandler
                0x08002764                TIM7_IRQHandler
                0x08002764                EXTI9_5_IRQHandler
                0x08002764                TAMPER_STAMP_IRQHandler
                0x08002764                RTC_WKUP_IRQHandler
                0x08002764                SPI2_IRQHandler
                0x08002764                MemManage_Handler
                0x08002764                DMA2_Channel5_IRQHandler
                0x08002764                DMA1_Channel5_IRQHandler
                0x08002764                USB_LP_IRQHandler
                0x08002764                EXTI4_IRQHandler
                0x08002764                USB_LP_CAN1_RX0_IRQHandler
                0x08002764                TIM1_TRG_COM_TIM17_IRQHandler
                0x08002764                USB_HP_CAN1_TX_IRQHandler
                0x08002764                DMA1_Channel3_IRQHandler
                0x08002764                ADC4_IRQHandler
                0x08002764                WWDG_IRQHandler
                0x08002764                TIM2_IRQHandler
                0x08002764                COMP7_IRQHandler
                0x08002764                COMP1_2_3_IRQHandler
                0x08002764                EXTI1_IRQHandler
                0x08002764                USART2_IRQHandler
                0x08002764                COMP4_5_6_IRQHandler
                0x08002764                I2C2_ER_IRQHandler
                0x08002764                DMA1_Channel2_IRQHandler
                0x08002764                TIM8_BRK_IRQHandler
                0x08002764                CAN1_SCE_IRQHandler
                0x08002764                FLASH_IRQHandler
                0x08002764                BusFault_Handler
                0x08002764                USART1_IRQHandler
                0x08002764                SPI3_IRQHandler
                0x08002764                I2C1_ER_IRQHandler
                0x08002764                USBWakeUp_IRQHandler
                0x08002764                DMA2_Channel3_IRQHandler
                0x08002764                TIM1_BRK_TIM15_IRQHandler
 *fill*         0x08002766        0x2 
 .text.pvPortMalloc
                0x08002768      0x164 ..\obj\heap_2.o
                0x08002768                pvPortMalloc
 .text.vPortFree
                0x080028cc       0xc8 ..\obj\heap_2.o
                0x080028cc                vPortFree
 .text.prvHeapInit
                0x08002994       0x54 ..\obj\heap_2.o
 .text          0x080029e8      0x134 c:/program files (x86)/gnu tools arm embedded/5.3 2016q1/bin/../lib/gcc/arm-none-eabi/5.3.1/../../../../arm-none-eabi/lib/armv7e-m/fpu\libg.a(lib_a-memcpy.o)
                0x080029e8                memcpy
 .text.memset   0x08002b1c       0x9c c:/program files (x86)/gnu tools arm embedded/5.3 2016q1/bin/../lib/gcc/arm-none-eabi/5.3.1/../../../../arm-none-eabi/lib/armv7e-m/fpu\libg.a(lib_a-memset.o)
                0x08002b1c                memset
 *(.init)
 *(.fini)
 *crtbegin.o(.ctors)
 *crtbegin?.o(.ctors)
 *(EXCLUDE_FILE(*crtend.o *crtend?.o) .ctors)
 *(SORT(.ctors.*))
 *(.ctors)
 *crtbegin.o(.dtors)
 *crtbegin?.o(.dtors)
 *(EXCLUDE_FILE(*crtend.o *crtend?.o) .dtors)
 *(SORT(.dtors.*))
 *(.dtors)
 *(.rodata*)
 .rodata        0x08002bb8       0x1f ..\obj\main.o
 *fill*         0x08002bd7        0x1 
 .rodata        0x08002bd8        0xd ..\obj\timers.o
 *fill*         0x08002be5        0x3 
 .rodata        0x08002be8        0x5 ..\obj\tasks.o
 *(.eh_fram e*)

.glue_7         0x08002bf0        0x0
 .glue_7        0x08002bf0        0x0 linker stubs

.glue_7t        0x08002bf0        0x0
 .glue_7t       0x08002bf0        0x0 linker stubs

.vfp11_veneer   0x08002bf0        0x0
 .vfp11_veneer  0x08002bf0        0x0 linker stubs

.v4_bx          0x08002bf0        0x0
 .v4_bx         0x08002bf0        0x0 linker stubs

.iplt           0x08002bf0        0x0
 .iplt          0x08002bf0        0x0 ..\obj\stm32f30x_rcc.o

.rel.dyn        0x08002bf0        0x0
 .rel.iplt      0x08002bf0        0x0 ..\obj\stm32f30x_rcc.o

.ARM.extab
 *(.ARM.extab* .gnu.linkonce.armextab.*)
                0x08002bf0                __exidx_start = .

.ARM.exidx
 *(.ARM.exidx* .gnu.linkonce.armexidx.*)
                0x08002bf0                __exidx_end = .
                0x08002bf0                __etext = .
                0x08002bed                _sidata = __etext

.data           0x20000000       0x20 load address 0x08002bed
                0x20000000                __data_start__ = .
                0x20000000                _sdata = __data_start__
 *(vtable)
 *(.data*)
 .data          0x20000000        0x4 ..\obj\tasks.o
 .data          0x20000004       0x14 ..\obj\system_stm32f30x_temp.o
                0x20000004                SystemCoreClock
                0x20000008                AHBPrescTable
 .data          0x20000018        0x4 ..\obj\port.o
 .data          0x2000001c        0x4 ..\obj\heap_2.o
                0x20000020                . = ALIGN (0x4)
                [!provide]                PROVIDE (__preinit_array_start, .)
 *(.preinit_array)
                [!provide]                PROVIDE (__preinit_array_end, .)
                0x20000020                . = ALIGN (0x4)
                [!provide]                PROVIDE (__init_array_start, .)
 *(SORT(.init_array.*))
 *(.init_array)
                [!provide]                PROVIDE (__init_array_end, .)
                0x20000020                . = ALIGN (0x4)
                [!provide]                PROVIDE (__fini_array_start, .)
 *(SORT(.fini_array.*))
 *(.fini_array)
                [!provide]                PROVIDE (__fini_array_end, .)
 *(.jcr*)
                0x20000020                . = ALIGN (0x4)
                0x20000020                __data_end__ = .
                0x20000020                _edata = __data_end__

.igot.plt       0x20000020        0x0 load address 0x08002c10
 .igot.plt      0x20000020        0x0 ..\obj\stm32f30x_rcc.o

.bss            0x20000020     0x3d9c load address 0x08002c10
                0x20000020                . = ALIGN (0x4)
                0x20000020                __bss_start__ = .
                0x20000020                _sbss = __bss_start__
 *(.bss*)
 .bss           0x20000020       0x3c ..\obj\timers.o
 .bss           0x2000005c      0x104 ..\obj\tasks.o
                0x2000005c                pxCurrentTCB
 .bss           0x20000160        0x8 ..\obj\port.o
 .bss           0x20000168     0x3c14 ..\obj\heap_2.o
 *(COMMON)
 COMMON         0x20003d7c       0x40 ..\obj\queue.o
                0x20003d7c                xQueueRegistry
                0x20003dbc                . = ALIGN (0x4)
                0x20003dbc                __bss_end__ = .
                0x20003dbc                _ebss = __bss_end__

.heap           0x20003dbc        0x0
                0x20003dbc                __end__ = .
                0x20003dbc                _end = __end__
                0x20003dbc                end = __end__
 *(.heap*)
                0x20003dbc                __HeapLimit = .

.co_stack       0x20003dbc        0x4 load address 0x080069ac
                0x20003dc0                . = ALIGN (0x8)
 *fill*         0x20003dbc        0x4 
 *(.co_stack .co_stack.*)
                0x2000a000                __StackTop = (ORIGIN (ram) + LENGTH (ram))
                0x20009ffc                __StackLimit = (__StackTop - SIZEOF (.co_stack))
                [!provide]                PROVIDE (__stack, __StackTop)
                0x00000001                ASSERT ((__StackLimit >= __HeapLimit), region ram  overflowed with stack)
LOAD ..\obj\stm32f30x_rcc.o
LOAD ..\obj\stm32f30x_gpio.o
LOAD ..\obj\main.o
LOAD ..\obj\timers.o
LOAD ..\obj\tasks.o
LOAD ..\obj\system_stm32f30x_temp.o
LOAD ..\obj\list.o
LOAD ..\obj\port.o
LOAD ..\obj\queue.o
LOAD ..\obj\startup_stm32f30x.o
LOAD ..\obj\stream_buffer.o
LOAD ..\obj\croutine.o
LOAD ..\obj\event_groups.o
LOAD ..\obj\heap_2.o
START GROUP
LOAD c:/program files (x86)/gnu tools arm embedded/5.3 2016q1/bin/../lib/gcc/arm-none-eabi/5.3.1/armv7e-m/fpu\libgcc.a
LOAD c:/program files (x86)/gnu tools arm embedded/5.3 2016q1/bin/../lib/gcc/arm-none-eabi/5.3.1/../../../../arm-none-eabi/lib/armv7e-m/fpu\libg.a
LOAD c:/program files (x86)/gnu tools arm embedded/5.3 2016q1/bin/../lib/gcc/arm-none-eabi/5.3.1/../../../../arm-none-eabi/lib/armv7e-m/fpu\libc.a
END GROUP
OUTPUT(homework_2.elf elf32-littlearm)

.debug_info     0x00000000     0x7678
 .debug_info    0x00000000      0xacc ..\obj\stm32f30x_rcc.o
 .debug_info    0x00000acc      0x612 ..\obj\stm32f30x_gpio.o
 .debug_info    0x000010de      0x463 ..\obj\main.o
 .debug_info    0x00001541      0xda1 ..\obj\timers.o
 .debug_info    0x000022e2     0x28d1 ..\obj\tasks.o
 .debug_info    0x00004bb3      0x4bb ..\obj\system_stm32f30x_temp.o
 .debug_info    0x0000506e      0x2d1 ..\obj\list.o
 .debug_info    0x0000533f      0x61d ..\obj\port.o
 .debug_info    0x0000595c     0x18c7 ..\obj\queue.o
 .debug_info    0x00007223       0x92 ..\obj\startup_stm32f30x.o
 .debug_info    0x000072b5      0x3c3 ..\obj\heap_2.o

.debug_abbrev   0x00000000     0x1265
 .debug_abbrev  0x00000000      0x1e5 ..\obj\stm32f30x_rcc.o
 .debug_abbrev  0x000001e5      0x198 ..\obj\stm32f30x_gpio.o
 .debug_abbrev  0x0000037d      0x1ba ..\obj\main.o
 .debug_abbrev  0x00000537      0x243 ..\obj\timers.o
 .debug_abbrev  0x0000077a      0x2b0 ..\obj\tasks.o
 .debug_abbrev  0x00000a2a      0x147 ..\obj\system_stm32f30x_temp.o
 .debug_abbrev  0x00000b71       0xd6 ..\obj\list.o
 .debug_abbrev  0x00000c47      0x1fc ..\obj\port.o
 .debug_abbrev  0x00000e43      0x245 ..\obj\queue.o
 .debug_abbrev  0x00001088       0x12 ..\obj\startup_stm32f30x.o
 .debug_abbrev  0x0000109a      0x1cb ..\obj\heap_2.o

.debug_aranges  0x00000000      0x7f8
 .debug_aranges
                0x00000000      0x150 ..\obj\stm32f30x_rcc.o
 .debug_aranges
                0x00000150       0x80 ..\obj\stm32f30x_gpio.o
 .debug_aranges
                0x000001d0       0x60 ..\obj\main.o
 .debug_aranges
                0x00000230       0xf8 ..\obj\timers.o
 .debug_aranges
                0x00000328      0x228 ..\obj\tasks.o
 .debug_aranges
                0x00000550       0x30 ..\obj\system_stm32f30x_temp.o
 .debug_aranges
                0x00000580       0x40 ..\obj\list.o
 .debug_aranges
                0x000005c0       0x80 ..\obj\port.o
 .debug_aranges
                0x00000640      0x140 ..\obj\queue.o
 .debug_aranges
                0x00000780       0x28 ..\obj\startup_stm32f30x.o
 .debug_aranges
                0x000007a8       0x50 ..\obj\heap_2.o

.debug_ranges   0x00000000      0x770
 .debug_ranges  0x00000000      0x140 ..\obj\stm32f30x_rcc.o
 .debug_ranges  0x00000140       0x70 ..\obj\stm32f30x_gpio.o
 .debug_ranges  0x000001b0       0x50 ..\obj\main.o
 .debug_ranges  0x00000200       0xe8 ..\obj\timers.o
 .debug_ranges  0x000002e8      0x238 ..\obj\tasks.o
 .debug_ranges  0x00000520       0x20 ..\obj\system_stm32f30x_temp.o
 .debug_ranges  0x00000540       0x30 ..\obj\list.o
 .debug_ranges  0x00000570       0x70 ..\obj\port.o
 .debug_ranges  0x000005e0      0x130 ..\obj\queue.o
 .debug_ranges  0x00000710       0x20 ..\obj\startup_stm32f30x.o
 .debug_ranges  0x00000730       0x40 ..\obj\heap_2.o

.debug_line     0x00000000     0x3cb2
 .debug_line    0x00000000      0x580 ..\obj\stm32f30x_rcc.o
 .debug_line    0x00000580      0x31b ..\obj\stm32f30x_gpio.o
 .debug_line    0x0000089b      0x2ac ..\obj\main.o
 .debug_line    0x00000b47      0x621 ..\obj\timers.o
 .debug_line    0x00001168     0x12b4 ..\obj\tasks.o
 .debug_line    0x0000241c      0x1e9 ..\obj\system_stm32f30x_temp.o
 .debug_line    0x00002605      0x23d ..\obj\list.o
 .debug_line    0x00002842      0x40e ..\obj\port.o
 .debug_line    0x00002c50      0xca8 ..\obj\queue.o
 .debug_line    0x000038f8       0x9b ..\obj\startup_stm32f30x.o
 .debug_line    0x00003993      0x31f ..\obj\heap_2.o

.debug_str      0x00000000     0x2c1f
 .debug_str     0x00000000      0x781 ..\obj\stm32f30x_rcc.o
                                0x812 (size before relaxing)
 .debug_str     0x00000781      0x31f ..\obj\stm32f30x_gpio.o
                                0x4bd (size before relaxing)
 .debug_str     0x00000aa0      0x12b ..\obj\main.o
                                0x469 (size before relaxing)
 .debug_str     0x00000bcb      0x5d4 ..\obj\timers.o
                                0x7f0 (size before relaxing)
 .debug_str     0x0000119f      0xefb ..\obj\tasks.o
                               0x11fe (size before relaxing)
 .debug_str     0x0000209a       0xf4 ..\obj\system_stm32f30x_temp.o
                                0x328 (size before relaxing)
 .debug_str     0x0000218e       0xb2 ..\obj\list.o
                                0x2df (size before relaxing)
 .debug_str     0x00002240      0x228 ..\obj\port.o
                                0x44f (size before relaxing)
 .debug_str     0x00002468      0x61c ..\obj\queue.o
                                0x9dd (size before relaxing)
 .debug_str     0x00002a84      0x19b ..\obj\heap_2.o
                                0x368 (size before relaxing)

.comment        0x00000000       0x6e
 .comment       0x00000000       0x6e ..\obj\stm32f30x_rcc.o
                                 0x6f (size before relaxing)
 .comment       0x0000006e       0x6f ..\obj\stm32f30x_gpio.o
 .comment       0x0000006e       0x6f ..\obj\main.o
 .comment       0x0000006e       0x6f ..\obj\timers.o
 .comment       0x0000006e       0x6f ..\obj\tasks.o
 .comment       0x0000006e       0x6f ..\obj\system_stm32f30x_temp.o
 .comment       0x0000006e       0x6f ..\obj\list.o
 .comment       0x0000006e       0x6f ..\obj\port.o
 .comment       0x0000006e       0x6f ..\obj\queue.o
 .comment       0x0000006e       0x6f ..\obj\heap_2.o

.ARM.attributes
                0x00000000       0x37
 .ARM.attributes
                0x00000000       0x39 ..\obj\stm32f30x_rcc.o
 .ARM.attributes
                0x00000039       0x39 ..\obj\stm32f30x_gpio.o
 .ARM.attributes
                0x00000072       0x39 ..\obj\main.o
 .ARM.attributes
                0x000000ab       0x39 ..\obj\timers.o
 .ARM.attributes
                0x000000e4       0x39 ..\obj\tasks.o
 .ARM.attributes
                0x0000011d       0x39 ..\obj\system_stm32f30x_temp.o
 .ARM.attributes
                0x00000156       0x39 ..\obj\list.o
 .ARM.attributes
                0x0000018f       0x39 ..\obj\port.o
 .ARM.attributes
                0x000001c8       0x39 ..\obj\queue.o
 .ARM.attributes
                0x00000201       0x21 ..\obj\startup_stm32f30x.o
 .ARM.attributes
                0x00000222       0x39 ..\obj\heap_2.o
 .ARM.attributes
                0x0000025b       0x20 c:/program files (x86)/gnu tools arm embedded/5.3 2016q1/bin/../lib/gcc/arm-none-eabi/5.3.1/../../../../arm-none-eabi/lib/armv7e-m/fpu\libg.a(lib_a-memcpy.o)
 .ARM.attributes
                0x0000027b       0x34 c:/program files (x86)/gnu tools arm embedded/5.3 2016q1/bin/../lib/gcc/arm-none-eabi/5.3.1/../../../../arm-none-eabi/lib/armv7e-m/fpu\libg.a(lib_a-memset.o)

.debug_frame    0x00000000     0x2090
 .debug_frame   0x00000000      0x60c ..\obj\stm32f30x_rcc.o
 .debug_frame   0x0000060c      0x214 ..\obj\stm32f30x_gpio.o
 .debug_frame   0x00000820      0x120 ..\obj\main.o
 .debug_frame   0x00000940      0x40c ..\obj\timers.o
 .debug_frame   0x00000d4c      0x990 ..\obj\tasks.o
 .debug_frame   0x000016dc       0x7c ..\obj\system_stm32f30x_temp.o
 .debug_frame   0x00001758       0xd8 ..\obj\list.o
 .debug_frame   0x00001830      0x1a8 ..\obj\port.o
 .debug_frame   0x000019d8      0x580 ..\obj\queue.o
 .debug_frame   0x00001f58      0x104 ..\obj\heap_2.o
 .debug_frame   0x0000205c       0x34 c:/program files (x86)/gnu tools arm embedded/5.3 2016q1/bin/../lib/gcc/arm-none-eabi/5.3.1/../../../../arm-none-eabi/lib/armv7e-m/fpu\libg.a(lib_a-memset.o)
