Archive member included to satisfy reference by file (symbol)

c:/program files (x86)/gnu tools arm embedded/5.3 2016q1/bin/../lib/gcc/arm-none-eabi/5.3.1/armv7e-m\libgcc.a(_arm_addsubdf3.o)
                              ..\obj\main.o (__aeabi_ui2d)
c:/program files (x86)/gnu tools arm embedded/5.3 2016q1/bin/../lib/gcc/arm-none-eabi/5.3.1/armv7e-m\libgcc.a(_arm_muldivdf3.o)
                              ..\obj\main.o (__aeabi_dmul)
c:/program files (x86)/gnu tools arm embedded/5.3 2016q1/bin/../lib/gcc/arm-none-eabi/5.3.1/armv7e-m\libgcc.a(_arm_fixunsdfsi.o)
                              ..\obj\main.o (__aeabi_d2uiz)

Discarded input sections

 .text          0x00000000        0x0 ..\obj\stm32f30x_rcc.o
 .data          0x00000000       0x2a ..\obj\stm32f30x_rcc.o
 .bss           0x00000000        0x0 ..\obj\stm32f30x_rcc.o
 .text.RCC_DeInit
                0x00000000       0x7c ..\obj\stm32f30x_rcc.o
 .text.RCC_HSEConfig
                0x00000000       0x24 ..\obj\stm32f30x_rcc.o
 .text.RCC_WaitForHSEStartUp
                0x00000000       0x50 ..\obj\stm32f30x_rcc.o
 .text.RCC_AdjustHSICalibrationValue
                0x00000000       0x3c ..\obj\stm32f30x_rcc.o
 .text.RCC_HSICmd
                0x00000000       0x20 ..\obj\stm32f30x_rcc.o
 .text.RCC_LSEConfig
                0x00000000       0x3c ..\obj\stm32f30x_rcc.o
 .text.RCC_LSEDriveConfig
                0x00000000       0x30 ..\obj\stm32f30x_rcc.o
 .text.RCC_LSICmd
                0x00000000       0x20 ..\obj\stm32f30x_rcc.o
 .text.RCC_PLLConfig
                0x00000000       0x34 ..\obj\stm32f30x_rcc.o
 .text.RCC_PLLCmd
                0x00000000       0x20 ..\obj\stm32f30x_rcc.o
 .text.RCC_PREDIV1Config
                0x00000000       0x38 ..\obj\stm32f30x_rcc.o
 .text.RCC_ClockSecuritySystemCmd
                0x00000000       0x20 ..\obj\stm32f30x_rcc.o
 .text.RCC_MCOConfig
                0x00000000       0x20 ..\obj\stm32f30x_rcc.o
 .text.RCC_SYSCLKConfig
                0x00000000       0x38 ..\obj\stm32f30x_rcc.o
 .text.RCC_GetSYSCLKSource
                0x00000000       0x1c ..\obj\stm32f30x_rcc.o
 .text.RCC_HCLKConfig
                0x00000000       0x38 ..\obj\stm32f30x_rcc.o
 .text.RCC_PCLK1Config
                0x00000000       0x38 ..\obj\stm32f30x_rcc.o
 .text.RCC_PCLK2Config
                0x00000000       0x38 ..\obj\stm32f30x_rcc.o
 .text.RCC_GetClocksFreq
                0x00000000      0x414 ..\obj\stm32f30x_rcc.o
 .text.RCC_ADCCLKConfig
                0x00000000       0x4c ..\obj\stm32f30x_rcc.o
 .text.RCC_I2CCLKConfig
                0x00000000       0x4c ..\obj\stm32f30x_rcc.o
 .text.RCC_TIMCLKConfig
                0x00000000       0x4c ..\obj\stm32f30x_rcc.o
 .text.RCC_USARTCLKConfig
                0x00000000       0x98 ..\obj\stm32f30x_rcc.o
 .text.RCC_USBCLKConfig
                0x00000000       0x1c ..\obj\stm32f30x_rcc.o
 .text.RCC_RTCCLKConfig
                0x00000000       0x24 ..\obj\stm32f30x_rcc.o
 .text.RCC_I2SCLKConfig
                0x00000000       0x1c ..\obj\stm32f30x_rcc.o
 .text.RCC_RTCCLKCmd
                0x00000000       0x20 ..\obj\stm32f30x_rcc.o
 .text.RCC_BackupResetCmd
                0x00000000       0x20 ..\obj\stm32f30x_rcc.o
 .text.RCC_APB2PeriphClockCmd
                0x00000000       0x3c ..\obj\stm32f30x_rcc.o
 .text.RCC_APB1PeriphClockCmd
                0x00000000       0x3c ..\obj\stm32f30x_rcc.o
 .text.RCC_AHBPeriphResetCmd
                0x00000000       0x3c ..\obj\stm32f30x_rcc.o
 .text.RCC_APB2PeriphResetCmd
                0x00000000       0x3c ..\obj\stm32f30x_rcc.o
 .text.RCC_APB1PeriphResetCmd
                0x00000000       0x3c ..\obj\stm32f30x_rcc.o
 .text.RCC_ITConfig
                0x00000000       0x4c ..\obj\stm32f30x_rcc.o
 .text.RCC_GetFlagStatus
                0x00000000       0x80 ..\obj\stm32f30x_rcc.o
 .text.RCC_ClearFlag
                0x00000000       0x1c ..\obj\stm32f30x_rcc.o
 .text.RCC_GetITStatus
                0x00000000       0x34 ..\obj\stm32f30x_rcc.o
 .text.RCC_ClearITPendingBit
                0x00000000       0x20 ..\obj\stm32f30x_rcc.o
 .text          0x00000000        0x0 ..\obj\stm32f30x_gpio.o
 .data          0x00000000        0x0 ..\obj\stm32f30x_gpio.o
 .bss           0x00000000        0x0 ..\obj\stm32f30x_gpio.o
 .text.GPIO_DeInit
                0x00000000       0xd8 ..\obj\stm32f30x_gpio.o
 .text.GPIO_StructInit
                0x00000000       0x34 ..\obj\stm32f30x_gpio.o
 .text.GPIO_PinLockConfig
                0x00000000       0x44 ..\obj\stm32f30x_gpio.o
 .text.GPIO_ReadInputData
                0x00000000       0x18 ..\obj\stm32f30x_gpio.o
 .text.GPIO_ReadOutputDataBit
                0x00000000       0x38 ..\obj\stm32f30x_gpio.o
 .text.GPIO_ReadOutputData
                0x00000000       0x18 ..\obj\stm32f30x_gpio.o
 .text.GPIO_WriteBit
                0x00000000       0x30 ..\obj\stm32f30x_gpio.o
 .text.GPIO_Write
                0x00000000       0x1c ..\obj\stm32f30x_gpio.o
 .text.GPIO_PinAFConfig
                0x00000000       0x90 ..\obj\stm32f30x_gpio.o
 .text          0x00000000        0x0 ..\obj\main.o
 .data          0x00000000        0x0 ..\obj\main.o
 .bss           0x00000000        0x0 ..\obj\main.o
 .text          0x00000000        0x0 ..\obj\system_stm32f30x_temp.o
 .data          0x00000000       0x14 ..\obj\system_stm32f30x_temp.o
 .bss           0x00000000        0x0 ..\obj\system_stm32f30x_temp.o
 .text.SystemCoreClockUpdate1
                0x00000000       0xd4 ..\obj\system_stm32f30x_temp.o
 .text          0x00000000       0x14 ..\obj\startup_stm32f30x.o
 .data          0x00000000        0x0 ..\obj\startup_stm32f30x.o
 .bss           0x00000000        0x0 ..\obj\startup_stm32f30x.o
 .data          0x00000000        0x0 c:/program files (x86)/gnu tools arm embedded/5.3 2016q1/bin/../lib/gcc/arm-none-eabi/5.3.1/armv7e-m\libgcc.a(_arm_addsubdf3.o)
 .bss           0x00000000        0x0 c:/program files (x86)/gnu tools arm embedded/5.3 2016q1/bin/../lib/gcc/arm-none-eabi/5.3.1/armv7e-m\libgcc.a(_arm_addsubdf3.o)
 .data          0x00000000        0x0 c:/program files (x86)/gnu tools arm embedded/5.3 2016q1/bin/../lib/gcc/arm-none-eabi/5.3.1/armv7e-m\libgcc.a(_arm_muldivdf3.o)
 .bss           0x00000000        0x0 c:/program files (x86)/gnu tools arm embedded/5.3 2016q1/bin/../lib/gcc/arm-none-eabi/5.3.1/armv7e-m\libgcc.a(_arm_muldivdf3.o)
 .data          0x00000000        0x0 c:/program files (x86)/gnu tools arm embedded/5.3 2016q1/bin/../lib/gcc/arm-none-eabi/5.3.1/armv7e-m\libgcc.a(_arm_fixunsdfsi.o)
 .bss           0x00000000        0x0 c:/program files (x86)/gnu tools arm embedded/5.3 2016q1/bin/../lib/gcc/arm-none-eabi/5.3.1/armv7e-m\libgcc.a(_arm_fixunsdfsi.o)

Memory Configuration

Name             Origin             Length             Attributes
rom              0x08000000         0x00040000         xr
ram              0x20000000         0x0000a000         xrw
ram1             0x10000000         0x00002000         xrw
*default*        0x00000000         0xffffffff

Linker script and memory map

                0x2000a000                _eram = 0x2000a000

.text           0x08000000      0xe60
 *(.isr_vector)
 .isr_vector    0x08000000      0x188 ..\obj\startup_stm32f30x.o
                0x08000000                g_pfnVectors
 *(.text*)
 .text.RCC_AHBPeriphClockCmd
                0x08000188       0x3c ..\obj\stm32f30x_rcc.o
                0x08000188                RCC_AHBPeriphClockCmd
 .text.GPIO_Init
                0x080001c4      0x12c ..\obj\stm32f30x_gpio.o
                0x080001c4                GPIO_Init
 .text.GPIO_ReadInputDataBit
                0x080002f0       0x38 ..\obj\stm32f30x_gpio.o
                0x080002f0                GPIO_ReadInputDataBit
 .text.GPIO_SetBits
                0x08000328       0x1c ..\obj\stm32f30x_gpio.o
                0x08000328                GPIO_SetBits
 .text.GPIO_ResetBits
                0x08000344       0x1c ..\obj\stm32f30x_gpio.o
                0x08000344                GPIO_ResetBits
 .text._delay   0x08000360       0x50 ..\obj\main.o
                0x08000360                _delay
 .text.main     0x080003b0      0x130 ..\obj\main.o
                0x080003b0                main
 .text.SystemInit1
                0x080004e0       0x84 ..\obj\system_stm32f30x_temp.o
                0x080004e0                SystemInit
                0x080004e0                SystemInit1
 .text.SetSysClock1
                0x08000564       0xe0 ..\obj\system_stm32f30x_temp.o
                0x08000564                SetSysClock
 .text.Reset_Handler
                0x08000644       0x44 ..\obj\startup_stm32f30x.o
                0x08000644                Reset_Handler
 .text.Default_Handler
                0x08000688        0x2 ..\obj\startup_stm32f30x.o
                0x08000688                RTC_Alarm_IRQHandler
                0x08000688                TIM8_TRG_COM_IRQHandler
                0x08000688                TIM8_CC_IRQHandler
                0x08000688                DebugMon_Handler
                0x08000688                TIM1_CC_IRQHandler
                0x08000688                HardFault_Handler
                0x08000688                USB_HP_IRQHandler
                0x08000688                SysTick_Handler
                0x08000688                PVD_IRQHandler
                0x08000688                PendSV_Handler
                0x08000688                NMI_Handler
                0x08000688                EXTI3_IRQHandler
                0x08000688                EXTI0_IRQHandler
                0x08000688                I2C2_EV_IRQHandler
                0x08000688                FPU_IRQHandler
                0x08000688                EXTI2_TS_IRQHandler
                0x08000688                TIM1_UP_TIM16_IRQHandler
                0x08000688                UsageFault_Handler
                0x08000688                ADC1_2_IRQHandler
                0x08000688                SPI1_IRQHandler
                0x08000688                TIM6_DAC_IRQHandler
                0x08000688                TIM8_UP_IRQHandler
                0x08000688                DMA2_Channel2_IRQHandler
                0x08000688                DMA1_Channel4_IRQHandler
                0x08000688                USART3_IRQHandler
                0x08000688                DMA1_Channel7_IRQHandler
                0x08000688                CAN1_RX1_IRQHandler
                0x08000688                UART5_IRQHandler
                0x08000688                ADC3_IRQHandler
                0x08000688                TIM4_IRQHandler
                0x08000688                DMA2_Channel1_IRQHandler
                0x08000688                I2C1_EV_IRQHandler
                0x08000688                DMA1_Channel6_IRQHandler
                0x08000688                UART4_IRQHandler
                0x08000688                DMA2_Channel4_IRQHandler
                0x08000688                TIM3_IRQHandler
                0x08000688                RCC_IRQHandler
                0x08000688                DMA1_Channel1_IRQHandler
                0x08000688                Default_Handler
                0x08000688                USBWakeUp_RMP_IRQHandler
                0x08000688                EXTI15_10_IRQHandler
                0x08000688                TIM7_IRQHandler
                0x08000688                EXTI9_5_IRQHandler
                0x08000688                TAMPER_STAMP_IRQHandler
                0x08000688                RTC_WKUP_IRQHandler
                0x08000688                SPI2_IRQHandler
                0x08000688                MemManage_Handler
                0x08000688                SVC_Handler
                0x08000688                DMA2_Channel5_IRQHandler
                0x08000688                DMA1_Channel5_IRQHandler
                0x08000688                USB_LP_IRQHandler
                0x08000688                EXTI4_IRQHandler
                0x08000688                USB_LP_CAN1_RX0_IRQHandler
                0x08000688                TIM1_TRG_COM_TIM17_IRQHandler
                0x08000688                USB_HP_CAN1_TX_IRQHandler
                0x08000688                DMA1_Channel3_IRQHandler
                0x08000688                ADC4_IRQHandler
                0x08000688                WWDG_IRQHandler
                0x08000688                TIM2_IRQHandler
                0x08000688                COMP7_IRQHandler
                0x08000688                COMP1_2_3_IRQHandler
                0x08000688                EXTI1_IRQHandler
                0x08000688                USART2_IRQHandler
                0x08000688                COMP4_5_6_IRQHandler
                0x08000688                I2C2_ER_IRQHandler
                0x08000688                DMA1_Channel2_IRQHandler
                0x08000688                TIM8_BRK_IRQHandler
                0x08000688                CAN1_SCE_IRQHandler
                0x08000688                FLASH_IRQHandler
                0x08000688                BusFault_Handler
                0x08000688                USART1_IRQHandler
                0x08000688                SPI3_IRQHandler
                0x08000688                I2C1_ER_IRQHandler
                0x08000688                USBWakeUp_IRQHandler
                0x08000688                DMA2_Channel3_IRQHandler
                0x08000688                TIM1_BRK_TIM15_IRQHandler
 *fill*         0x0800068a        0x2 
 .text          0x0800068c      0x370 c:/program files (x86)/gnu tools arm embedded/5.3 2016q1/bin/../lib/gcc/arm-none-eabi/5.3.1/armv7e-m\libgcc.a(_arm_addsubdf3.o)
                0x0800068c                __aeabi_drsub
                0x08000694                __aeabi_dsub
                0x08000694                __subdf3
                0x08000698                __aeabi_dadd
                0x08000698                __adddf3
                0x08000910                __floatunsidf
                0x08000910                __aeabi_ui2d
                0x08000930                __floatsidf
                0x08000930                __aeabi_i2d
                0x08000954                __aeabi_f2d
                0x08000954                __extendsfdf2
                0x08000990                __floatundidf
                0x08000990                __aeabi_ul2d
                0x080009a0                __floatdidf
                0x080009a0                __aeabi_l2d
 .text          0x080009fc      0x424 c:/program files (x86)/gnu tools arm embedded/5.3 2016q1/bin/../lib/gcc/arm-none-eabi/5.3.1/armv7e-m\libgcc.a(_arm_muldivdf3.o)
                0x080009fc                __aeabi_dmul
                0x080009fc                __muldf3
                0x08000c50                __divdf3
                0x08000c50                __aeabi_ddiv
 .text          0x08000e20       0x40 c:/program files (x86)/gnu tools arm embedded/5.3 2016q1/bin/../lib/gcc/arm-none-eabi/5.3.1/armv7e-m\libgcc.a(_arm_fixunsdfsi.o)
                0x08000e20                __aeabi_d2uiz
                0x08000e20                __fixunsdfsi
 *(.init)
 *(.fini)
 *crtbegin.o(.ctors)
 *crtbegin?.o(.ctors)
 *(EXCLUDE_FILE(*crtend.o *crtend?.o) .ctors)
 *(SORT(.ctors.*))
 *(.ctors)
 *crtbegin.o(.dtors)
 *crtbegin?.o(.dtors)
 *(EXCLUDE_FILE(*crtend.o *crtend?.o) .dtors)
 *(SORT(.dtors.*))
 *(.dtors)
 *(.rodata*)
 *(.eh_fram e*)

.glue_7         0x08000e60        0x0
 .glue_7        0x08000e60        0x0 linker stubs

.glue_7t        0x08000e60        0x0
 .glue_7t       0x08000e60        0x0 linker stubs

.vfp11_veneer   0x08000e60        0x0
 .vfp11_veneer  0x08000e60        0x0 linker stubs

.v4_bx          0x08000e60        0x0
 .v4_bx         0x08000e60        0x0 linker stubs

.iplt           0x08000e60        0x0
 .iplt          0x08000e60        0x0 ..\obj\stm32f30x_rcc.o

.rel.dyn        0x08000e60        0x0
 .rel.iplt      0x08000e60        0x0 ..\obj\stm32f30x_rcc.o

.ARM.extab
 *(.ARM.extab* .gnu.linkonce.armextab.*)
                0x08000e60                __exidx_start = .

.ARM.exidx
 *(.ARM.exidx* .gnu.linkonce.armexidx.*)
                0x08000e60                __exidx_end = .
                0x08000e60                __etext = .
                0x08000e60                _sidata = __etext

.data           0x20000000        0x0 load address 0x08000e60
                0x20000000                __data_start__ = .
                0x20000000                _sdata = __data_start__
 *(vtable)
 *(.data*)
                0x20000000                . = ALIGN (0x4)
                [!provide]                PROVIDE (__preinit_array_start, .)
 *(.preinit_array)
                [!provide]                PROVIDE (__preinit_array_end, .)
                0x20000000                . = ALIGN (0x4)
                [!provide]                PROVIDE (__init_array_start, .)
 *(SORT(.init_array.*))
 *(.init_array)
                [!provide]                PROVIDE (__init_array_end, .)
                0x20000000                . = ALIGN (0x4)
                [!provide]                PROVIDE (__fini_array_start, .)
 *(SORT(.fini_array.*))
 *(.fini_array)
                [!provide]                PROVIDE (__fini_array_end, .)
 *(.jcr*)
                0x20000000                . = ALIGN (0x4)
                0x20000000                __data_end__ = .
                0x20000000                _edata = __data_end__

.igot.plt       0x20000000        0x0
 .igot.plt      0x20000000        0x0 ..\obj\stm32f30x_rcc.o

.bss            0x20000000        0x0
                0x20000000                . = ALIGN (0x4)
                0x20000000                __bss_start__ = .
                0x20000000                _sbss = __bss_start__
 *(.bss*)
 *(COMMON)
                0x20000000                . = ALIGN (0x4)
                0x20000000                __bss_end__ = .
                0x20000000                _ebss = __bss_end__

.heap           0x20000000        0x0
                0x20000000                __end__ = .
                0x20000000                _end = __end__
                0x20000000                end = __end__
 *(.heap*)
                0x20000000                __HeapLimit = .

.co_stack       0x20000000        0x0
                0x20000000                . = ALIGN (0x8)
 *(.co_stack .co_stack.*)
                0x2000a000                __StackTop = (ORIGIN (ram) + LENGTH (ram))
                0x2000a000                __StackLimit = (__StackTop - SIZEOF (.co_stack))
                [!provide]                PROVIDE (__stack, __StackTop)
                0x00000001                ASSERT ((__StackLimit >= __HeapLimit), region ram  overflowed with stack)
LOAD ..\obj\stm32f30x_rcc.o
LOAD ..\obj\stm32f30x_gpio.o
LOAD ..\obj\main.o
LOAD ..\obj\system_stm32f30x_temp.o
LOAD ..\obj\startup_stm32f30x.o
START GROUP
LOAD c:/program files (x86)/gnu tools arm embedded/5.3 2016q1/bin/../lib/gcc/arm-none-eabi/5.3.1/armv7e-m\libgcc.a
LOAD c:/program files (x86)/gnu tools arm embedded/5.3 2016q1/bin/../lib/gcc/arm-none-eabi/5.3.1/../../../../arm-none-eabi/lib/armv7e-m\libg.a
LOAD c:/program files (x86)/gnu tools arm embedded/5.3 2016q1/bin/../lib/gcc/arm-none-eabi/5.3.1/../../../../arm-none-eabi/lib/armv7e-m\libc.a
END GROUP
OUTPUT(homework_1.elf elf32-littlearm)

.debug_info     0x00000000     0x1962
 .debug_info    0x00000000      0xacc ..\obj\stm32f30x_rcc.o
 .debug_info    0x00000acc      0x612 ..\obj\stm32f30x_gpio.o
 .debug_info    0x000010de      0x337 ..\obj\main.o
 .debug_info    0x00001415      0x4bb ..\obj\system_stm32f30x_temp.o
 .debug_info    0x000018d0       0x92 ..\obj\startup_stm32f30x.o

.debug_abbrev   0x00000000      0x613
 .debug_abbrev  0x00000000      0x1e5 ..\obj\stm32f30x_rcc.o
 .debug_abbrev  0x000001e5      0x198 ..\obj\stm32f30x_gpio.o
 .debug_abbrev  0x0000037d      0x13d ..\obj\main.o
 .debug_abbrev  0x000004ba      0x147 ..\obj\system_stm32f30x_temp.o
 .debug_abbrev  0x00000601       0x12 ..\obj\startup_stm32f30x.o

.debug_aranges  0x00000000      0x250
 .debug_aranges
                0x00000000      0x150 ..\obj\stm32f30x_rcc.o
 .debug_aranges
                0x00000150       0x80 ..\obj\stm32f30x_gpio.o
 .debug_aranges
                0x000001d0       0x28 ..\obj\main.o
 .debug_aranges
                0x000001f8       0x30 ..\obj\system_stm32f30x_temp.o
 .debug_aranges
                0x00000228       0x28 ..\obj\startup_stm32f30x.o

.debug_ranges   0x00000000      0x208
 .debug_ranges  0x00000000      0x140 ..\obj\stm32f30x_rcc.o
 .debug_ranges  0x00000140       0x70 ..\obj\stm32f30x_gpio.o
 .debug_ranges  0x000001b0       0x18 ..\obj\main.o
 .debug_ranges  0x000001c8       0x20 ..\obj\system_stm32f30x_temp.o
 .debug_ranges  0x000001e8       0x20 ..\obj\startup_stm32f30x.o

.debug_line     0x00000000      0xd44
 .debug_line    0x00000000      0x580 ..\obj\stm32f30x_rcc.o
 .debug_line    0x00000580      0x31b ..\obj\stm32f30x_gpio.o
 .debug_line    0x0000089b      0x225 ..\obj\main.o
 .debug_line    0x00000ac0      0x1e9 ..\obj\system_stm32f30x_temp.o
 .debug_line    0x00000ca9       0x9b ..\obj\startup_stm32f30x.o

.debug_str      0x00000000      0xbb0
 .debug_str     0x00000000      0x75e ..\obj\stm32f30x_rcc.o
                                0x7ef (size before relaxing)
 .debug_str     0x0000075e      0x31f ..\obj\stm32f30x_gpio.o
                                0x49a (size before relaxing)
 .debug_str     0x00000a7d       0x3f ..\obj\main.o
                                0x34b (size before relaxing)
 .debug_str     0x00000abc       0xf4 ..\obj\system_stm32f30x_temp.o
                                0x305 (size before relaxing)

.comment        0x00000000       0x6e
 .comment       0x00000000       0x6e ..\obj\stm32f30x_rcc.o
                                 0x6f (size before relaxing)
 .comment       0x0000006e       0x6f ..\obj\stm32f30x_gpio.o
 .comment       0x0000006e       0x6f ..\obj\main.o
 .comment       0x0000006e       0x6f ..\obj\system_stm32f30x_temp.o

.ARM.attributes
                0x00000000       0x31
 .ARM.attributes
                0x00000000       0x33 ..\obj\stm32f30x_rcc.o
 .ARM.attributes
                0x00000033       0x33 ..\obj\stm32f30x_gpio.o
 .ARM.attributes
                0x00000066       0x33 ..\obj\main.o
 .ARM.attributes
                0x00000099       0x33 ..\obj\system_stm32f30x_temp.o
 .ARM.attributes
                0x000000cc       0x21 ..\obj\startup_stm32f30x.o
 .ARM.attributes
                0x000000ed       0x1e c:/program files (x86)/gnu tools arm embedded/5.3 2016q1/bin/../lib/gcc/arm-none-eabi/5.3.1/armv7e-m\libgcc.a(_arm_addsubdf3.o)
 .ARM.attributes
                0x0000010b       0x1e c:/program files (x86)/gnu tools arm embedded/5.3 2016q1/bin/../lib/gcc/arm-none-eabi/5.3.1/armv7e-m\libgcc.a(_arm_muldivdf3.o)
 .ARM.attributes
                0x00000129       0x1e c:/program files (x86)/gnu tools arm embedded/5.3 2016q1/bin/../lib/gcc/arm-none-eabi/5.3.1/armv7e-m\libgcc.a(_arm_fixunsdfsi.o)

.debug_frame    0x00000000      0x8f4
 .debug_frame   0x00000000      0x60c ..\obj\stm32f30x_rcc.o
 .debug_frame   0x0000060c      0x214 ..\obj\stm32f30x_gpio.o
 .debug_frame   0x00000820       0x58 ..\obj\main.o
 .debug_frame   0x00000878       0x7c ..\obj\system_stm32f30x_temp.o
